Archive member included to satisfy reference by file (symbol)

D:\Embedded_MCU\STM32\STM32F40x\STM32-DSP\STM32_Digital_Audio\firmware\STM32F4_CMSIS-DSP_Sample\Drivers\CMSIS\Lib\GCC\libarm_cortexM4lf_math.a(arm_cos_f32.o)
                              ./Core/Src/main.o (arm_cos_f32)
D:\Embedded_MCU\STM32\STM32F40x\STM32-DSP\STM32_Digital_Audio\firmware\STM32F4_CMSIS-DSP_Sample\Drivers\CMSIS\Lib\GCC\libarm_cortexM4lf_math.a(arm_common_tables.o)
                              D:\Embedded_MCU\STM32\STM32F40x\STM32-DSP\STM32_Digital_Audio\firmware\STM32F4_CMSIS-DSP_Sample\Drivers\CMSIS\Lib\GCC\libarm_cortexM4lf_math.a(arm_cos_f32.o) (sinTable_f32)
C:/ST/STM32CubeIDE_1.19.0/STM32CubeIDE/plugins/com.st.stm32cube.ide.mcu.externaltools.gnu-tools-for-stm32.13.3.rel1.win32_1.0.0.202411081344/tools/bin/../lib/gcc/arm-none-eabi/13.3.1/../../../../arm-none-eabi/lib/thumb/v7e-m+fp/hard\libc_nano.a(libc_a-exit.o)
                              C:/ST/STM32CubeIDE_1.19.0/STM32CubeIDE/plugins/com.st.stm32cube.ide.mcu.externaltools.gnu-tools-for-stm32.13.3.rel1.win32_1.0.0.202411081344/tools/bin/../lib/gcc/arm-none-eabi/13.3.1/../../../../arm-none-eabi/lib/thumb/v7e-m+fp/hard/crt0.o (exit)
C:/ST/STM32CubeIDE_1.19.0/STM32CubeIDE/plugins/com.st.stm32cube.ide.mcu.externaltools.gnu-tools-for-stm32.13.3.rel1.win32_1.0.0.202411081344/tools/bin/../lib/gcc/arm-none-eabi/13.3.1/../../../../arm-none-eabi/lib/thumb/v7e-m+fp/hard\libc_nano.a(libc_a-findfp.o)
                              C:/ST/STM32CubeIDE_1.19.0/STM32CubeIDE/plugins/com.st.stm32cube.ide.mcu.externaltools.gnu-tools-for-stm32.13.3.rel1.win32_1.0.0.202411081344/tools/bin/../lib/gcc/arm-none-eabi/13.3.1/../../../../arm-none-eabi/lib/thumb/v7e-m+fp/hard\libc_nano.a(libc_a-exit.o) (__stdio_exit_handler)
C:/ST/STM32CubeIDE_1.19.0/STM32CubeIDE/plugins/com.st.stm32cube.ide.mcu.externaltools.gnu-tools-for-stm32.13.3.rel1.win32_1.0.0.202411081344/tools/bin/../lib/gcc/arm-none-eabi/13.3.1/../../../../arm-none-eabi/lib/thumb/v7e-m+fp/hard\libc_nano.a(libc_a-fwalk.o)
                              C:/ST/STM32CubeIDE_1.19.0/STM32CubeIDE/plugins/com.st.stm32cube.ide.mcu.externaltools.gnu-tools-for-stm32.13.3.rel1.win32_1.0.0.202411081344/tools/bin/../lib/gcc/arm-none-eabi/13.3.1/../../../../arm-none-eabi/lib/thumb/v7e-m+fp/hard\libc_nano.a(libc_a-findfp.o) (_fwalk_sglue)
C:/ST/STM32CubeIDE_1.19.0/STM32CubeIDE/plugins/com.st.stm32cube.ide.mcu.externaltools.gnu-tools-for-stm32.13.3.rel1.win32_1.0.0.202411081344/tools/bin/../lib/gcc/arm-none-eabi/13.3.1/../../../../arm-none-eabi/lib/thumb/v7e-m+fp/hard\libc_nano.a(libc_a-stdio.o)
                              C:/ST/STM32CubeIDE_1.19.0/STM32CubeIDE/plugins/com.st.stm32cube.ide.mcu.externaltools.gnu-tools-for-stm32.13.3.rel1.win32_1.0.0.202411081344/tools/bin/../lib/gcc/arm-none-eabi/13.3.1/../../../../arm-none-eabi/lib/thumb/v7e-m+fp/hard\libc_nano.a(libc_a-findfp.o) (__sread)
C:/ST/STM32CubeIDE_1.19.0/STM32CubeIDE/plugins/com.st.stm32cube.ide.mcu.externaltools.gnu-tools-for-stm32.13.3.rel1.win32_1.0.0.202411081344/tools/bin/../lib/gcc/arm-none-eabi/13.3.1/../../../../arm-none-eabi/lib/thumb/v7e-m+fp/hard\libc_nano.a(libc_a-memset.o)
                              C:/ST/STM32CubeIDE_1.19.0/STM32CubeIDE/plugins/com.st.stm32cube.ide.mcu.externaltools.gnu-tools-for-stm32.13.3.rel1.win32_1.0.0.202411081344/tools/bin/../lib/gcc/arm-none-eabi/13.3.1/../../../../arm-none-eabi/lib/thumb/v7e-m+fp/hard/crt0.o (memset)
C:/ST/STM32CubeIDE_1.19.0/STM32CubeIDE/plugins/com.st.stm32cube.ide.mcu.externaltools.gnu-tools-for-stm32.13.3.rel1.win32_1.0.0.202411081344/tools/bin/../lib/gcc/arm-none-eabi/13.3.1/../../../../arm-none-eabi/lib/thumb/v7e-m+fp/hard\libc_nano.a(libc_a-closer.o)
                              C:/ST/STM32CubeIDE_1.19.0/STM32CubeIDE/plugins/com.st.stm32cube.ide.mcu.externaltools.gnu-tools-for-stm32.13.3.rel1.win32_1.0.0.202411081344/tools/bin/../lib/gcc/arm-none-eabi/13.3.1/../../../../arm-none-eabi/lib/thumb/v7e-m+fp/hard\libc_nano.a(libc_a-stdio.o) (_close_r)
C:/ST/STM32CubeIDE_1.19.0/STM32CubeIDE/plugins/com.st.stm32cube.ide.mcu.externaltools.gnu-tools-for-stm32.13.3.rel1.win32_1.0.0.202411081344/tools/bin/../lib/gcc/arm-none-eabi/13.3.1/../../../../arm-none-eabi/lib/thumb/v7e-m+fp/hard\libc_nano.a(libc_a-reent.o)
                              C:/ST/STM32CubeIDE_1.19.0/STM32CubeIDE/plugins/com.st.stm32cube.ide.mcu.externaltools.gnu-tools-for-stm32.13.3.rel1.win32_1.0.0.202411081344/tools/bin/../lib/gcc/arm-none-eabi/13.3.1/../../../../arm-none-eabi/lib/thumb/v7e-m+fp/hard\libc_nano.a(libc_a-closer.o) (errno)
C:/ST/STM32CubeIDE_1.19.0/STM32CubeIDE/plugins/com.st.stm32cube.ide.mcu.externaltools.gnu-tools-for-stm32.13.3.rel1.win32_1.0.0.202411081344/tools/bin/../lib/gcc/arm-none-eabi/13.3.1/../../../../arm-none-eabi/lib/thumb/v7e-m+fp/hard\libc_nano.a(libc_a-impure.o)
[...]
Memory Configuration

Name             Origin             Length             Attributes
CCMRAM           0x10000000         0x00010000         xrw
RAM              0x20000000         0x00020000         xrw
FLASH            0x08000000         0x00100000         xr
*default*        0x00000000         0xffffffff

Linker script and memory map

LOAD C:/ST/STM32CubeIDE_1.19.0/STM32CubeIDE/plugins/com.st.stm32cube.ide.mcu.externaltools.gnu-tools-for-stm32.13.3.rel1.win32_1.0.0.202411081344/tools/bin/../lib/gcc/arm-none-eabi/13.3.1/thumb/v7e-m+fp/hard/crti.o
LOAD C:/ST/STM32CubeIDE_1.19.0/STM32CubeIDE/plugins/com.st.stm32cube.ide.mcu.externaltools.gnu-tools-for-stm32.13.3.rel1.win32_1.0.0.202411081344/tools/bin/../lib/gcc/arm-none-eabi/13.3.1/thumb/v7e-m+fp/hard/crtbegin.o
LOAD C:/ST/STM32CubeIDE_1.19.0/STM32CubeIDE/plugins/com.st.stm32cube.ide.mcu.externaltools.gnu-tools-for-stm32.13.3.rel1.win32_1.0.0.202411081344/tools/bin/../lib/gcc/arm-none-eabi/13.3.1/../../../../arm-none-eabi/lib/thumb/v7e-m+fp/hard/crt0.o
LOAD ./Core/Src/main.o
LOAD ./Core/Src/stm32f4xx_hal_msp.o
LOAD ./Core/Src/stm32f4xx_it.o
LOAD ./Core/Src/syscalls.o
LOAD ./Core/Src/sysmem.o
LOAD ./Core/Src/system_stm32f4xx.o
LOAD ./Core/Startup/startup_stm32f407vgtx.o
LOAD ./Drivers/CMSIS/DSP/Source/SupportFunctions/SupportFunctions.o
LOAD ./Drivers/CMSIS/DSP/Source/SupportFunctions/arm_copy_f32.o
LOAD ./Drivers/CMSIS/DSP/Source/SupportFunctions/arm_copy_q15.o
LOAD ./Drivers/CMSIS/DSP/Source/SupportFunctions/arm_copy_q31.o
LOAD ./Drivers/CMSIS/DSP/Source/SupportFunctions/arm_copy_q7.o
LOAD ./Drivers/CMSIS/DSP/Source/SupportFunctions/arm_fill_f32.o
LOAD ./Drivers/CMSIS/DSP/Source/SupportFunctions/arm_fill_q15.o
LOAD ./Drivers/CMSIS/DSP/Source/SupportFunctions/arm_fill_q31.o
LOAD ./Drivers/CMSIS/DSP/Source/SupportFunctions/arm_fill_q7.o
LOAD ./Drivers/CMSIS/DSP/Source/SupportFunctions/arm_float_to_q15.o
LOAD ./Drivers/CMSIS/DSP/Source/SupportFunctions/arm_float_to_q31.o
LOAD ./Drivers/CMSIS/DSP/Source/SupportFunctions/arm_float_to_q7.o
LOAD ./Drivers/CMSIS/DSP/Source/SupportFunctions/arm_q15_to_float.o
LOAD ./Drivers/CMSIS/DSP/Source/SupportFunctions/arm_q15_to_q31.o
LOAD ./Drivers/CMSIS/DSP/Source/SupportFunctions/arm_q15_to_q7.o
LOAD ./Drivers/CMSIS/DSP/Source/SupportFunctions/arm_q31_to_float.o
LOAD ./Drivers/CMSIS/DSP/Source/SupportFunctions/arm_q31_to_q15.o
LOAD ./Drivers/CMSIS/DSP/Source/SupportFunctions/arm_q31_to_q7.o
LOAD ./Drivers/CMSIS/DSP/Source/SupportFunctions/arm_q7_to_float.o
LOAD ./Drivers/CMSIS/DSP/Source/SupportFunctions/arm_q7_to_q15.o
LOAD ./Drivers/CMSIS/DSP/Source/SupportFunctions/arm_q7_to_q31.o
LOAD ./Drivers/STM32F4xx_HAL_Driver/Src/stm32f4xx_hal.o
LOAD ./Drivers/STM32F4xx_HAL_Driver/Src/stm32f4xx_hal_cortex.o
LOAD ./Drivers/STM32F4xx_HAL_Driver/Src/stm32f4xx_hal_dma.o
LOAD ./Drivers/STM32F4xx_HAL_Driver/Src/stm32f4xx_hal_dma_ex.o
LOAD ./Drivers/STM32F4xx_HAL_Driver/Src/stm32f4xx_hal_exti.o
LOAD ./Drivers/STM32F4xx_HAL_Driver/Src/stm32f4xx_hal_flash.o
LOAD ./Drivers/STM32F4xx_HAL_Driver/Src/stm32f4xx_hal_flash_ex.o
LOAD ./Drivers/STM32F4xx_HAL_Driver/Src/stm32f4xx_hal_flash_ramfunc.o
LOAD ./Drivers/STM32F4xx_HAL_Driver/Src/stm32f4xx_hal_gpio.o
LOAD ./Drivers/STM32F4xx_HAL_Driver/Src/stm32f4xx_hal_pwr.o
LOAD ./Drivers/STM32F4xx_HAL_Driver/Src/stm32f4xx_hal_pwr_ex.o
LOAD ./Drivers/STM32F4xx_HAL_Driver/Src/stm32f4xx_hal_rcc.o
LOAD ./Drivers/STM32F4xx_HAL_Driver/Src/stm32f4xx_hal_rcc_ex.o
LOAD D:\Embedded_MCU\STM32\STM32F40x\STM32-DSP\STM32_Digital_Audio\firmware\STM32F4_CMSIS-DSP_Sample\Drivers\CMSIS\Lib\GCC\libarm_cortexM4lf_math.a
START GROUP
LOAD C:/ST/STM32CubeIDE_1.19.0/STM32CubeIDE/plugins/com.st.stm32cube.ide.mcu.externaltools.gnu-tools-for-stm32.13.3.rel1.win32_1.0.0.202411081344/tools/bin/../lib/gcc/arm-none-eabi/13.3.1/../../../../arm-none-eabi/lib/thumb/v7e-m+fp/hard\libc_nano.a
LOAD C:/ST/STM32CubeIDE_1.19.0/STM32CubeIDE/plugins/com.st.stm32cube.ide.mcu.externaltools.gnu-tools-for-stm32.13.3.rel1.win32_1.0.0.202411081344/tools/bin/../lib/gcc/arm-none-eabi/13.3.1/../../../../arm-none-eabi/lib/thumb/v7e-m+fp/hard\libm.a
END GROUP
START GROUP
LOAD C:/ST/STM32CubeIDE_1.19.0/STM32CubeIDE/plugins/com.st.stm32cube.ide.mcu.externaltools.gnu-tools-for-stm32.13.3.rel1.win32_1.0.0.202411081344/tools/bin/../lib/gcc/arm-none-eabi/13.3.1/thumb/v7e-m+fp/hard\libgcc.a
LOAD C:/ST/STM32CubeIDE_1.19.0/STM32CubeIDE/plugins/com.st.stm32cube.ide.mcu.externaltools.gnu-tools-for-stm32.13.3.rel1.win32_1.0.0.202411081344/tools/bin/../lib/gcc/arm-none-eabi/13.3.1/../../../../arm-none-eabi/lib/thumb/v7e-m+fp/hard\libc_nano.a
END GROUP
START GROUP
LOAD C:/ST/STM32CubeIDE_1.19.0/STM32CubeIDE/plugins/com.st.stm32cube.ide.mcu.externaltools.gnu-tools-for-stm32.13.3.rel1.win32_1.0.0.202411081344/tools/bin/../lib/gcc/arm-none-eabi/13.3.1/thumb/v7e-m+fp/hard\libgcc.a
LOAD C:/ST/STM32CubeIDE_1.19.0/STM32CubeIDE/plugins/com.st.stm32cube.ide.mcu.externaltools.gnu-tools-for-stm32.13.3.rel1.win32_1.0.0.202411081344/tools/bin/../lib/gcc/arm-none-eabi/13.3.1/../../../../arm-none-eabi/lib/thumb/v7e-m+fp/hard\libc_nano.a
LOAD C:/ST/STM32CubeIDE_1.19.0/STM32CubeIDE/plugins/com.st.stm32cube.ide.mcu.externaltools.gnu-tools-for-stm32.13.3.rel1.win32_1.0.0.202411081344/tools/bin/../lib/gcc/arm-none-eabi/13.3.1/../../../../arm-none-eabi/lib/thumb/v7e-m+fp/hard\libnosys.a
END GROUP
START GROUP
LOAD C:/ST/STM32CubeIDE_1.19.0/STM32CubeIDE/plugins/com.st.stm32cube.ide.mcu.externaltools.gnu-tools-for-stm32.13.3.rel1.win32_1.0.0.202411081344/tools/bin/../lib/gcc/arm-none-eabi/13.3.1/thumb/v7e-m+fp/hard\libgcc.a
LOAD C:/ST/STM32CubeIDE_1.19.0/STM32CubeIDE/plugins/com.st.stm32cube.ide.mcu.externaltools.gnu-tools-for-stm32.13.3.rel1.win32_1.0.0.202411081344/tools/bin/../lib/gcc/arm-none-eabi/13.3.1/../../../../arm-none-eabi/lib/thumb/v7e-m+fp/hard\libc_nano.a
LOAD C:/ST/STM32CubeIDE_1.19.0/STM32CubeIDE/plugins/com.st.stm32cube.ide.mcu.externaltools.gnu-tools-for-stm32.13.3.rel1.win32_1.0.0.202411081344/tools/bin/../lib/gcc/arm-none-eabi/13.3.1/../../../../arm-none-eabi/lib/thumb/v7e-m+fp/hard\libnosys.a
END GROUP
LOAD C:/ST/STM32CubeIDE_1.19.0/STM32CubeIDE/plugins/com.st.stm32cube.ide.mcu.externaltools.gnu-tools-for-stm32.13.3.rel1.win32_1.0.0.202411081344/tools/bin/../lib/gcc/arm-none-eabi/13.3.1/thumb/v7e-m+fp/hard/crtend.o
LOAD C:/ST/STM32CubeIDE_1.19.0/STM32CubeIDE/plugins/com.st.stm32cube.ide.mcu.externaltools.gnu-tools-for-stm32.13.3.rel1.win32_1.0.0.202411081344/tools/bin/../lib/gcc/arm-none-eabi/13.3.1/thumb/v7e-m+fp/hard/crtn.o
                0x20020000                        _estack = (ORIGIN (RAM) + LENGTH (RAM))
                0x00000200                        _Min_Heap_Size = 0x200
                0x00000400                        _Min_Stack_Size = 0x400

.isr_vector     0x08000000      0x188
                0x08000000                        . = ALIGN (0x4)
 *(.isr_vector)
 .isr_vector    0x08000000      0x188 ./Core/Startup/startup_stm32f407vgtx.o
                0x08000000                g_pfnVectors
                0x08000188                        . = ALIGN (0x4)

.text           0x08000188     0x1260
                0x08000188                        . = ALIGN (0x4)
 *(.text)
 .text          0x08000188       0x40 C:/ST/STM32CubeIDE_1.19.0/STM32CubeIDE/plugins/com.st.stm32cube.ide.mcu.externaltools.gnu-tools-for-stm32.13.3.rel1.win32_1.0.0.202411081344/tools/bin/../lib/gcc/arm-none-eabi/13.3.1/thumb/v7e-m+fp/hard/crtbegin.o
 .text          0x080001c8       0x30 C:/ST/STM32CubeIDE_1.19.0/STM32CubeIDE/plugins/com.st.stm32cube.ide.mcu.externaltools.gnu-tools-for-stm32.13.3.rel1.win32_1.0.0.202411081344/tools/bin/../lib/gcc/arm-none-eabi/13.3.1/thumb/v7e-m+fp/hard\libgcc.a(_aeabi_uldivmod.o)
                0x080001c8                __aeabi_uldivmod
 .text          0x080001f8      0x2f8 C:/ST/STM32CubeIDE_1.19.0/STM32CubeIDE/plugins/com.st.stm32cube.ide.mcu.externaltools.gnu-tools-for-stm32.13.3.rel1.win32_1.0.0.202411081344/tools/bin/../lib/gcc/arm-none-eabi/13.3.1/thumb/v7e-m+fp/hard\libgcc.a(_udivmoddi4.o)
                0x080001f8                __udivmoddi4
 .text          0x080004f0        0x4 C:/ST/STM32CubeIDE_1.19.0/STM32CubeIDE/plugins/com.st.stm32cube.ide.mcu.externaltools.gnu-tools-for-stm32.13.3.rel1.win32_1.0.0.202411081344/tools/bin/../lib/gcc/arm-none-eabi/13.3.1/thumb/v7e-m+fp/hard\libgcc.a(_dvmd_tls.o)
                0x080004f0                __aeabi_idiv0
                0x080004f0                __aeabi_ldiv0
 *(.text*)
 .text.main     0x080004f4       0x20 ./Core/Src/main.o
                0x080004f4                main
 .text.SystemClock_Config
                0x08000514       0xd4 ./Core/Src/main.o
                0x08000514                SystemClock_Config
 .text.MX_GPIO_Init
                0x080005e8       0x50 ./Core/Src/main.o
 .text.Error_Handler
                0x08000638        0xc ./Core/Src/main.o
                0x08000638                Error_Handler
 .text.HAL_MspInit
                0x08000644       0x50 ./Core/Src/stm32f4xx_hal_msp.o
                0x08000644                HAL_MspInit
 .text.NMI_Handler
                0x08000694        0x8 ./Core/Src/stm32f4xx_it.o
                0x08000694                NMI_Handler
 .text.HardFault_Handler
                0x0800069c        0x8 ./Core/Src/stm32f4xx_it.o
                0x0800069c                HardFault_Handler
 .text.MemManage_Handler
                0x080006a4        0x8 ./Core/Src/stm32f4xx_it.o
                0x080006a4                MemManage_Handler
 .text.BusFault_Handler
                0x080006ac        0x8 ./Core/Src/stm32f4xx_it.o
                0x080006ac                BusFault_Handler
 .text.UsageFault_Handler
                0x080006b4        0x8 ./Core/Src/stm32f4xx_it.o
                0x080006b4                UsageFault_Handler
 .text.SVC_Handler
                0x080006bc        0xe ./Core/Src/stm32f4xx_it.o
                0x080006bc                SVC_Handler
 .text.DebugMon_Handler
                0x080006ca        0xe ./Core/Src/stm32f4xx_it.o
                0x080006ca                DebugMon_Handler
 .text.PendSV_Handler
                0x080006d8        0xe ./Core/Src/stm32f4xx_it.o
                0x080006d8                PendSV_Handler
 .text.SysTick_Handler
                0x080006e6        0xc ./Core/Src/stm32f4xx_it.o
                0x080006e6                SysTick_Handler
 *fill*         0x080006f2        0x2 
 .text.SystemInit
                0x080006f4       0x24 ./Core/Src/system_stm32f4xx.o
                0x080006f4                SystemInit
 .text.Reset_Handler
                0x08000718       0x50 ./Core/Startup/startup_stm32f407vgtx.o
                0x08000718                Reset_Handler
 .text.Default_Handler
                0x08000768        0x2 ./Core/Startup/startup_stm32f407vgtx.o
                0x08000768                RTC_Alarm_IRQHandler
                0x08000768                HASH_RNG_IRQHandler
                0x08000768                EXTI2_IRQHandler
                0x08000768                TIM8_CC_IRQHandler
                0x08000768                TIM1_CC_IRQHandler
                0x08000768                DMA2_Stream5_IRQHandler
                0x08000768                DMA1_Stream5_IRQHandler
                0x08000768                PVD_IRQHandler
                0x08000768                SDIO_IRQHandler
                0x08000768                TAMP_STAMP_IRQHandler
                0x08000768                CAN2_RX1_IRQHandler
                0x08000768                EXTI3_IRQHandler
                0x08000768                TIM8_TRG_COM_TIM14_IRQHandler
                0x08000768                TIM1_UP_TIM10_IRQHandler
                0x08000768                TIM8_UP_TIM13_IRQHandler
                0x08000768                I2C3_ER_IRQHandler
                0x08000768                EXTI0_IRQHandler
                0x08000768                I2C2_EV_IRQHandler
                0x08000768                DMA1_Stream2_IRQHandler
                0x08000768                CAN1_RX0_IRQHandler
                0x08000768                FPU_IRQHandler
                0x08000768                OTG_HS_WKUP_IRQHandler
                0x08000768                CAN2_SCE_IRQHandler
                0x08000768                DMA2_Stream2_IRQHandler
                0x08000768                SPI1_IRQHandler
                0x08000768                TIM6_DAC_IRQHandler
                0x08000768                TIM1_BRK_TIM9_IRQHandler
                0x08000768                DCMI_IRQHandler
                0x08000768                CAN2_RX0_IRQHandler
                0x08000768                DMA2_Stream3_IRQHandler
                0x08000768                USART6_IRQHandler
                0x08000768                USART3_IRQHandler
                0x08000768                CAN1_RX1_IRQHandler
                0x08000768                UART5_IRQHandler
                0x08000768                DMA2_Stream0_IRQHandler
                0x08000768                TIM4_IRQHandler
                0x08000768                I2C1_EV_IRQHandler
                0x08000768                DMA1_Stream6_IRQHandler
                0x08000768                DMA1_Stream1_IRQHandler
                0x08000768                UART4_IRQHandler
                0x08000768                TIM3_IRQHandler
                0x08000768                RCC_IRQHandler
                0x08000768                TIM8_BRK_TIM12_IRQHandler
                0x08000768                Default_Handler
                0x08000768                EXTI15_10_IRQHandler
                0x08000768                ADC_IRQHandler
                0x08000768                DMA1_Stream7_IRQHandler
                0x08000768                TIM7_IRQHandler
                0x08000768                CAN2_TX_IRQHandler
                0x08000768                TIM5_IRQHandler
                0x08000768                DMA2_Stream7_IRQHandler
                0x08000768                I2C3_EV_IRQHandler
                0x08000768                EXTI9_5_IRQHandler
                0x08000768                RTC_WKUP_IRQHandler
                0x08000768                ETH_WKUP_IRQHandler
                0x08000768                SPI2_IRQHandler
                0x08000768                OTG_HS_EP1_IN_IRQHandler
                0x08000768                DMA1_Stream0_IRQHandler
                0x08000768                CAN1_TX_IRQHandler
                0x08000768                EXTI4_IRQHandler
                0x08000768                FSMC_IRQHandler
                0x08000768                ETH_IRQHandler
                0x08000768                OTG_HS_EP1_OUT_IRQHandler
                0x08000768                WWDG_IRQHandler
                0x08000768                TIM2_IRQHandler
                0x08000768                OTG_FS_WKUP_IRQHandler
                0x08000768                TIM1_TRG_COM_TIM11_IRQHandler
                0x08000768                OTG_HS_IRQHandler
                0x08000768                EXTI1_IRQHandler
                0x08000768                USART2_IRQHandler
                0x08000768                I2C2_ER_IRQHandler
                0x08000768                DMA2_Stream1_IRQHandler
                0x08000768                CAN1_SCE_IRQHandler
                0x08000768                FLASH_IRQHandler
                0x08000768                DMA2_Stream4_IRQHandler
                0x08000768                USART1_IRQHandler
                0x08000768                OTG_FS_IRQHandler
                0x08000768                SPI3_IRQHandler
                0x08000768                DMA1_Stream4_IRQHandler
                0x08000768                I2C1_ER_IRQHandler
                0x08000768                DMA2_Stream6_IRQHandler
                0x08000768                DMA1_Stream3_IRQHandler
 *fill*         0x0800076a        0x2 
 .text.HAL_Init
                0x0800076c       0x44 ./Drivers/STM32F4xx_HAL_Driver/Src/stm32f4xx_hal.o
                0x0800076c                HAL_Init
 .text.HAL_InitTick
                0x080007b0       0x60 ./Drivers/STM32F4xx_HAL_Driver/Src/stm32f4xx_hal.o
                0x080007b0                HAL_InitTick
 .text.HAL_IncTick
                0x08000810       0x28 ./Drivers/STM32F4xx_HAL_Driver/Src/stm32f4xx_hal.o
                0x08000810                HAL_IncTick
 .text.HAL_GetTick
                0x08000838       0x18 ./Drivers/STM32F4xx_HAL_Driver/Src/stm32f4xx_hal.o
                0x08000838                HAL_GetTick
 .text.__NVIC_SetPriorityGrouping
                0x08000850       0x48 ./Drivers/STM32F4xx_HAL_Driver/Src/stm32f4xx_hal_cortex.o
 .text.__NVIC_GetPriorityGrouping
                0x08000898       0x1c ./Drivers/STM32F4xx_HAL_Driver/Src/stm32f4xx_hal_cortex.o
 .text.__NVIC_SetPriority
                0x080008b4       0x54 ./Drivers/STM32F4xx_HAL_Driver/Src/stm32f4xx_hal_cortex.o
 .text.NVIC_EncodePriority
                0x08000908       0x66 ./Drivers/STM32F4xx_HAL_Driver/Src/stm32f4xx_hal_cortex.o
 *fill*         0x0800096e        0x2 
 .text.SysTick_Config
                0x08000970       0x44 ./Drivers/STM32F4xx_HAL_Driver/Src/stm32f4xx_hal_cortex.o
 .text.HAL_NVIC_SetPriorityGrouping
                0x080009b4       0x16 ./Drivers/STM32F4xx_HAL_Driver/Src/stm32f4xx_hal_cortex.o
                0x080009b4                HAL_NVIC_SetPriorityGrouping
 .text.HAL_NVIC_SetPriority
                0x080009ca       0x38 ./Drivers/STM32F4xx_HAL_Driver/Src/stm32f4xx_hal_cortex.o
                0x080009ca                HAL_NVIC_SetPriority
 .text.HAL_SYSTICK_Config
                0x08000a02       0x18 ./Drivers/STM32F4xx_HAL_Driver/Src/stm32f4xx_hal_cortex.o
                0x08000a02                HAL_SYSTICK_Config
 *fill*         0x08000a1a        0x2 
 .text.HAL_RCC_OscConfig
                0x08000a1c      0x4f0 ./Drivers/STM32F4xx_HAL_Driver/Src/stm32f4xx_hal_rcc.o
                0x08000a1c                HAL_RCC_OscConfig
 .text.HAL_RCC_ClockConfig
                0x08000f0c      0x1cc ./Drivers/STM32F4xx_HAL_Driver/Src/stm32f4xx_hal_rcc.o
                0x08000f0c                HAL_RCC_ClockConfig
 .text.HAL_RCC_GetSysClockFreq
                0x080010d8      0x20c ./Drivers/STM32F4xx_HAL_Driver/Src/stm32f4xx_hal_rcc.o
                0x080010d8                HAL_RCC_GetSysClockFreq
 .text.arm_cos_f32
                0x080012e4       0x94 D:\Embedded_MCU\STM32\STM32F40x\STM32-DSP\STM32_Digital_Audio\firmware\STM32F4_CMSIS-DSP_Sample\Drivers\CMSIS\Lib\GCC\libarm_cortexM4lf_math.a(arm_cos_f32.o)
                0x080012e4                arm_cos_f32
 .text.memset   0x08001378       0x10 C:/ST/STM32CubeIDE_1.19.0/STM32CubeIDE/plugins/com.st.stm32cube.ide.mcu.externaltools.gnu-tools-for-stm32.13.3.rel1.win32_1.0.0.202411081344/tools/bin/../lib/gcc/arm-none-eabi/13.3.1/../../../../arm-none-eabi/lib/thumb/v7e-m+fp/hard\libc_nano.a(libc_a-memset.o)
                0x08001378                memset
 .text.__libc_init_array
                0x08001388       0x48 C:/ST/STM32CubeIDE_1.19.0/STM32CubeIDE/plugins/com.st.stm32cube.ide.mcu.externaltools.gnu-tools-for-stm32.13.3.rel1.win32_1.0.0.202411081344/tools/bin/../lib/gcc/arm-none-eabi/13.3.1/../../../../arm-none-eabi/lib/thumb/v7e-m+fp/hard\libc_nano.a(libc_a-init.o)
                0x08001388                __libc_init_array
 *(.glue_7)
 .glue_7        0x080013d0        0x0 linker stubs
 *(.glue_7t)
 .glue_7t       0x080013d0        0x0 linker stubs
 *(.eh_frame)
 .eh_frame      0x080013d0        0x0 C:/ST/STM32CubeIDE_1.19.0/STM32CubeIDE/plugins/com.st.stm32cube.ide.mcu.externaltools.gnu-tools-for-stm32.13.3.rel1.win32_1.0.0.202411081344/tools/bin/../lib/gcc/arm-none-eabi/13.3.1/thumb/v7e-m+fp/hard/crtbegin.o
 *(.init)
 .init          0x080013d0        0x4 C:/ST/STM32CubeIDE_1.19.0/STM32CubeIDE/plugins/com.st.stm32cube.ide.mcu.externaltools.gnu-tools-for-stm32.13.3.rel1.win32_1.0.0.202411081344/tools/bin/../lib/gcc/arm-none-eabi/13.3.1/thumb/v7e-m+fp/hard/crti.o
                0x080013d0                _init
 .init          0x080013d4        0x8 C:/ST/STM32CubeIDE_1.19.0/STM32CubeIDE/plugins/com.st.stm32cube.ide.mcu.externaltools.gnu-tools-for-stm32.13.3.rel1.win32_1.0.0.202411081344/tools/bin/../lib/gcc/arm-none-eabi/13.3.1/thumb/v7e-m+fp/hard/crtn.o
 *(.fini)
 .fini          0x080013dc        0x4 C:/ST/STM32CubeIDE_1.19.0/STM32CubeIDE/plugins/com.st.stm32cube.ide.mcu.externaltools.gnu-tools-for-stm32.13.3.rel1.win32_1.0.0.202411081344/tools/bin/../lib/gcc/arm-none-eabi/13.3.1/thumb/v7e-m+fp/hard/crti.o
                0x080013dc                _fini
 .fini          0x080013e0        0x8 C:/ST/STM32CubeIDE_1.19.0/STM32CubeIDE/plugins/com.st.stm32cube.ide.mcu.externaltools.gnu-tools-for-stm32.13.3.rel1.win32_1.0.0.202411081344/tools/bin/../lib/gcc/arm-none-eabi/13.3.1/thumb/v7e-m+fp/hard/crtn.o
                0x080013e8                        . = ALIGN (0x4)
                0x080013e8                        _etext = .

.vfp11_veneer   0x080013e8        0x0
 .vfp11_veneer  0x080013e8        0x0 linker stubs

.v4_bx          0x080013e8        0x0
 .v4_bx         0x080013e8        0x0 linker stubs

.iplt           0x080013e8        0x0
 .iplt          0x080013e8        0x0 C:/ST/STM32CubeIDE_1.19.0/STM32CubeIDE/plugins/com.st.stm32cube.ide.mcu.externaltools.gnu-tools-for-stm32.13.3.rel1.win32_1.0.0.202411081344/tools/bin/../lib/gcc/arm-none-eabi/13.3.1/thumb/v7e-m+fp/hard/crtbegin.o

.rodata         0x080013e8      0x814
                0x080013e8                        . = ALIGN (0x4)
 *(.rodata)
 *(.rodata*)
 .rodata.AHBPrescTable
                0x080013e8       0x10 ./Core/Src/system_stm32f4xx.o
                0x080013e8                AHBPrescTable
 .rodata.sinTable_f32
                0x080013f8      0x804 D:\Embedded_MCU\STM32\STM32F40x\STM32-DSP\STM32_Digital_Audio\firmware\STM32F4_CMSIS-DSP_Sample\Drivers\CMSIS\Lib\GCC\libarm_cortexM4lf_math.a(arm_common_tables.o)
                0x080013f8                sinTable_f32
                0x08001bfc                        . = ALIGN (0x4)

.ARM.extab      0x08001bfc        0x0
                0x08001bfc                        . = ALIGN (0x4)
 *(.ARM.extab* .gnu.linkonce.armextab.*)
                0x08001bfc                        . = ALIGN (0x4)

.ARM            0x08001bfc        0x8
                0x08001bfc                        . = ALIGN (0x4)
                0x08001bfc                        __exidx_start = .
 *(.ARM.exidx*)
 .ARM.exidx     0x08001bfc        0x8 C:/ST/STM32CubeIDE_1.19.0/STM32CubeIDE/plugins/com.st.stm32cube.ide.mcu.externaltools.gnu-tools-for-stm32.13.3.rel1.win32_1.0.0.202411081344/tools/bin/../lib/gcc/arm-none-eabi/13.3.1/thumb/v7e-m+fp/hard\libgcc.a(_udivmoddi4.o)
                0x08001c04                        __exidx_end = .
                0x08001c04                        . = ALIGN (0x4)

.preinit_array  0x08001c04        0x0
                0x08001c04                        . = ALIGN (0x4)
                0x08001c04                        PROVIDE (__preinit_array_start = .)
 *(.preinit_array*)
                0x08001c04                        PROVIDE (__preinit_array_end = .)
                0x08001c04                        . = ALIGN (0x4)

.init_array     0x08001c04        0x4
                0x08001c04                        . = ALIGN (0x4)
                0x08001c04                        PROVIDE (__init_array_start = .)
 *(SORT_BY_NAME(.init_array.*))
 *(.init_array*)
 .init_array    0x08001c04        0x4 C:/ST/STM32CubeIDE_1.19.0/STM32CubeIDE/plugins/com.st.stm32cube.ide.mcu.externaltools.gnu-tools-for-stm32.13.3.rel1.win32_1.0.0.202411081344/tools/bin/../lib/gcc/arm-none-eabi/13.3.1/thumb/v7e-m+fp/hard/crtbegin.o
                0x08001c08                        PROVIDE (__init_array_end = .)
                0x08001c08                        . = ALIGN (0x4)

.fini_array     0x08001c08        0x4
                0x08001c08                        . = ALIGN (0x4)
                [!provide]                        PROVIDE (__fini_array_start = .)
 *(SORT_BY_NAME(.fini_array.*))
 *(.fini_array*)
 .fini_array    0x08001c08        0x4 C:/ST/STM32CubeIDE_1.19.0/STM32CubeIDE/plugins/com.st.stm32cube.ide.mcu.externaltools.gnu-tools-for-stm32.13.3.rel1.win32_1.0.0.202411081344/tools/bin/../lib/gcc/arm-none-eabi/13.3.1/thumb/v7e-m+fp/hard/crtbegin.o
                [!provide]                        PROVIDE (__fini_array_end = .)
                0x08001c0c                        . = ALIGN (0x4)
                0x08001c0c                        _sidata = LOADADDR (.data)

.rel.dyn        0x08001c0c        0x0
 .rel.iplt      0x08001c0c        0x0 C:/ST/STM32CubeIDE_1.19.0/STM32CubeIDE/plugins/com.st.stm32cube.ide.mcu.externaltools.gnu-tools-for-stm32.13.3.rel1.win32_1.0.0.202411081344/tools/bin/../lib/gcc/arm-none-eabi/13.3.1/thumb/v7e-m+fp/hard/crtbegin.o

.data           0x20000000        0xc load address 0x08001c0c
                0x20000000                        . = ALIGN (0x4)
                0x20000000                        _sdata = .
 *(.data)
 *(.data*)
 .data.SystemCoreClock
                0x20000000        0x4 ./Core/Src/system_stm32f4xx.o
                0x20000000                SystemCoreClock
 .data.uwTickPrio
                0x20000004        0x4 ./Drivers/STM32F4xx_HAL_Driver/Src/stm32f4xx_hal.o
                0x20000004                uwTickPrio
 .data.uwTickFreq
                0x20000008        0x1 ./Drivers/STM32F4xx_HAL_Driver/Src/stm32f4xx_hal.o
                0x20000008                uwTickFreq
 *(.RamFunc)
 *(.RamFunc*)
                0x2000000c                        . = ALIGN (0x4)
 *fill*         0x20000009        0x3 
                0x2000000c                        _edata = .
                0x08001c18                        _siccmram = LOADADDR (.ccmram)

.igot.plt       0x2000000c        0x0 load address 0x08001c18
 .igot.plt      0x2000000c        0x0 C:/ST/STM32CubeIDE_1.19.0/STM32CubeIDE/plugins/com.st.stm32cube.ide.mcu.externaltools.gnu-tools-for-stm32.13.3.rel1.win32_1.0.0.202411081344/tools/bin/../lib/gcc/arm-none-eabi/13.3.1/thumb/v7e-m+fp/hard/crtbegin.o

.ccmram         0x10000000        0x0 load address 0x08001c18
                0x10000000                        . = ALIGN (0x4)
                0x10000000                        _sccmram = .
 *(.ccmram)
 *(.ccmram*)
                0x10000000                        . = ALIGN (0x4)
                0x10000000                        _eccmram = .
                0x10000000                        . = ALIGN (0x4)

.bss            0x2000000c       0x20
                0x2000000c                        _sbss = .
                0x2000000c                        __bss_start__ = _sbss
 *(.bss)
 .bss           0x2000000c       0x1c C:/ST/STM32CubeIDE_1.19.0/STM32CubeIDE/plugins/com.st.stm32cube.ide.mcu.externaltools.gnu-tools-for-stm32.13.3.rel1.win32_1.0.0.202411081344/tools/bin/../lib/gcc/arm-none-eabi/13.3.1/thumb/v7e-m+fp/hard/crtbegin.o
 *(.bss*)
 .bss.uwTick    0x20000028        0x4 ./Drivers/STM32F4xx_HAL_Driver/Src/stm32f4xx_hal.o
                0x20000028                uwTick
 *(COMMON)
                0x2000002c                        . = ALIGN (0x4)
                0x2000002c                        _ebss = .
                0x2000002c                        __bss_end__ = _ebss

._user_heap_stack
                0x2000002c      0x604
                0x20000030                        . = ALIGN (0x8)
 *fill*         0x2000002c        0x4 
                [!provide]                        PROVIDE (end = .)
                0x20000030                        PROVIDE (_end = .)
                0x20000230                        . = (. + _Min_Heap_Size)
 *fill*         0x20000030      0x200 
                0x20000630                        . = (. + _Min_Stack_Size)
 *fill*         0x20000230      0x400 
                0x20000630                        . = ALIGN (0x8)

/DISCARD/
 libc.a(*)
 libm.a(*)
 libgcc.a(*)

.ARM.attributes
                0x00000000       0x30
 *(.ARM.attributes)
 .ARM.attributes
                0x00000000       0x22 C:/ST/STM32CubeIDE_1.19.0/STM32CubeIDE/plugins/com.st.stm32cube.ide.mcu.externaltools.gnu-tools-for-stm32.13.3.rel1.win32_1.0.0.202411081344/tools/bin/../lib/gcc/arm-none-eabi/13.3.1/thumb/v7e-m+fp/hard/crti.o
 .ARM.attributes
                0x00000022       0x34 C:/ST/STM32CubeIDE_1.19.0/STM32CubeIDE/plugins/com.st.stm32cube.ide.mcu.externaltools.gnu-tools-for-stm32.13.3.rel1.win32_1.0.0.202411081344/tools/bin/../lib/gcc/arm-none-eabi/13.3.1/thumb/v7e-m+fp/hard/crtbegin.o
 .ARM.attributes
                0x00000056       0x34 ./Core/Src/main.o
 .ARM.attributes
                0x0000008a       0x34 ./Core/Src/stm32f4xx_hal_msp.o
 .ARM.attributes
                0x000000be       0x34 ./Core/Src/stm32f4xx_it.o
 .ARM.attributes
                0x000000f2       0x34 ./Core/Src/system_stm32f4xx.o
 .ARM.attributes
                0x00000126       0x21 ./Core/Startup/startup_stm32f407vgtx.o
 .ARM.attributes
                0x00000147       0x34 ./Drivers/STM32F4xx_HAL_Driver/Src/stm32f4xx_hal.o
 .ARM.attributes
                0x0000017b       0x34 ./Drivers/STM32F4xx_HAL_Driver/Src/stm32f4xx_hal_cortex.o
 .ARM.attributes
                0x000001af       0x34 ./Drivers/STM32F4xx_HAL_Driver/Src/stm32f4xx_hal_rcc.o
 .ARM.attributes
                0x000001e3       0x34 D:\Embedded_MCU\STM32\STM32F40x\STM32-DSP\STM32_Digital_Audio\firmware\STM32F4_CMSIS-DSP_Sample\Drivers\CMSIS\Lib\GCC\libarm_cortexM4lf_math.a(arm_cos_f32.o)
 .ARM.attributes
                0x00000217       0x39 D:\Embedded_MCU\STM32\STM32F40x\STM32-DSP\STM32_Digital_Audio\firmware\STM32F4_CMSIS-DSP_Sample\Drivers\CMSIS\Lib\GCC\libarm_cortexM4lf_math.a(arm_common_tables.o)
 .ARM.attributes
                0x00000250       0x34 C:/ST/STM32CubeIDE_1.19.0/STM32CubeIDE/plugins/com.st.stm32cube.ide.mcu.externaltools.gnu-tools-for-stm32.13.3.rel1.win32_1.0.0.202411081344/tools/bin/../lib/gcc/arm-none-eabi/13.3.1/../../../../arm-none-eabi/lib/thumb/v7e-m+fp/hard\libc_nano.a(libc_a-memset.o)
 .ARM.attributes
                0x00000284       0x34 C:/ST/STM32CubeIDE_1.19.0/STM32CubeIDE/plugins/com.st.stm32cube.ide.mcu.externaltools.gnu-tools-for-stm32.13.3.rel1.win32_1.0.0.202411081344/tools/bin/../lib/gcc/arm-none-eabi/13.3.1/../../../../arm-none-eabi/lib/thumb/v7e-m+fp/hard\libc_nano.a(libc_a-init.o)
 .ARM.attributes
                0x000002b8       0x22 C:/ST/STM32CubeIDE_1.19.0/STM32CubeIDE/plugins/com.st.stm32cube.ide.mcu.externaltools.gnu-tools-for-stm32.13.3.rel1.win32_1.0.0.202411081344/tools/bin/../lib/gcc/arm-none-eabi/13.3.1/thumb/v7e-m+fp/hard\libgcc.a(_aeabi_uldivmod.o)
 .ARM.attributes
                0x000002da       0x34 C:/ST/STM32CubeIDE_1.19.0/STM32CubeIDE/plugins/com.st.stm32cube.ide.mcu.externaltools.gnu-tools-for-stm32.13.3.rel1.win32_1.0.0.202411081344/tools/bin/../lib/gcc/arm-none-eabi/13.3.1/thumb/v7e-m+fp/hard\libgcc.a(_udivmoddi4.o)
 .ARM.attributes
                0x0000030e       0x22 C:/ST/STM32CubeIDE_1.19.0/STM32CubeIDE/plugins/com.st.stm32cube.ide.mcu.externaltools.gnu-tools-for-stm32.13.3.rel1.win32_1.0.0.202411081344/tools/bin/../lib/gcc/arm-none-eabi/13.3.1/thumb/v7e-m+fp/hard\libgcc.a(_dvmd_tls.o)
 .ARM.attributes
                0x00000330       0x22 C:/ST/STM32CubeIDE_1.19.0/STM32CubeIDE/plugins/com.st.stm32cube.ide.mcu.externaltools.gnu-tools-for-stm32.13.3.rel1.win32_1.0.0.202411081344/tools/bin/../lib/gcc/arm-none-eabi/13.3.1/thumb/v7e-m+fp/hard/crtn.o
OUTPUT(STM32F4_CMSIS-DSP_Sample.elf elf32-littlearm)
LOAD linker stubs
LOAD C:/ST/STM32CubeIDE_1.19.0/STM32CubeIDE/plugins/com.st.stm32cube.ide.mcu.externaltools.gnu-tools-for-stm32.13.3.rel1.win32_1.0.0.202411081344/tools/bin/../lib/gcc/arm-none-eabi/13.3.1/../../../../arm-none-eabi/lib/thumb/v7e-m+fp/hard\libc.a
LOAD C:/ST/STM32CubeIDE_1.19.0/STM32CubeIDE/plugins/com.st.stm32cube.ide.mcu.externaltools.gnu-tools-for-stm32.13.3.rel1.win32_1.0.0.202411081344/tools/bin/../lib/gcc/arm-none-eabi/13.3.1/../../../../arm-none-eabi/lib/thumb/v7e-m+fp/hard\libm.a
LOAD C:/ST/STM32CubeIDE_1.19.0/STM32CubeIDE/plugins/com.st.stm32cube.ide.mcu.externaltools.gnu-tools-for-stm32.13.3.rel1.win32_1.0.0.202411081344/tools/bin/../lib/gcc/arm-none-eabi/13.3.1/thumb/v7e-m+fp/hard\libgcc.a

.debug_info     0x00000000     0x5e33
 .debug_info    0x00000000      0x53a ./Core/Src/main.o
 .debug_info    0x0000053a      0x27c ./Core/Src/stm32f4xx_hal_msp.o
 .debug_info    0x000007b6      0x112 ./Core/Src/stm32f4xx_it.o
 .debug_info    0x000008c8      0x512 ./Core/Src/system_stm32f4xx.o
 .debug_info    0x00000dda       0x30 ./Core/Startup/startup_stm32f407vgtx.o
 .debug_info    0x00000e0a      0x944 ./Drivers/STM32F4xx_HAL_Driver/Src/stm32f4xx_hal.o
 .debug_info    0x0000174e      0xd8c ./Drivers/STM32F4xx_HAL_Driver/Src/stm32f4xx_hal_cortex.o
 .debug_info    0x000024da      0x8c3 ./Drivers/STM32F4xx_HAL_Driver/Src/stm32f4xx_hal_rcc.o
 .debug_info    0x00002d9d     0x1612 D:\Embedded_MCU\STM32\STM32F40x\STM32-DSP\STM32_Digital_Audio\firmware\STM32F4_CMSIS-DSP_Sample\Drivers\CMSIS\Lib\GCC\libarm_cortexM4lf_math.a(arm_cos_f32.o)
 .debug_info    0x000043af     0x1a84 D:\Embedded_MCU\STM32\STM32F40x\STM32-DSP\STM32_Digital_Audio\firmware\STM32F4_CMSIS-DSP_Sample\Drivers\CMSIS\Lib\GCC\libarm_cortexM4lf_math.a(arm_common_tables.o)

.debug_abbrev   0x00000000     0x1075
 .debug_abbrev  0x00000000      0x1df ./Core/Src/main.o
 .debug_abbrev  0x000001df       0xf4 ./Core/Src/stm32f4xx_hal_msp.o
 .debug_abbrev  0x000002d3       0x73 ./Core/Src/stm32f4xx_it.o
 .debug_abbrev  0x00000346      0x11a ./Core/Src/system_stm32f4xx.o
 .debug_abbrev  0x00000460       0x24 ./Core/Startup/startup_stm32f407vgtx.o
 .debug_abbrev  0x00000484      0x214 ./Drivers/STM32F4xx_HAL_Driver/Src/stm32f4xx_hal.o
 .debug_abbrev  0x00000698      0x31d ./Drivers/STM32F4xx_HAL_Driver/Src/stm32f4xx_hal_cortex.o
 .debug_abbrev  0x000009b5      0x2b7 ./Drivers/STM32F4xx_HAL_Driver/Src/stm32f4xx_hal_rcc.o
 .debug_abbrev  0x00000c6c      0x22c D:\Embedded_MCU\STM32\STM32F40x\STM32-DSP\STM32_Digital_Audio\firmware\STM32F4_CMSIS-DSP_Sample\Drivers\CMSIS\Lib\GCC\libarm_cortexM4lf_math.a(arm_cos_f32.o)
 .debug_abbrev  0x00000e98      0x1dd D:\Embedded_MCU\STM32\STM32F40x\STM32-DSP\STM32_Digital_Audio\firmware\STM32F4_CMSIS-DSP_Sample\Drivers\CMSIS\Lib\GCC\libarm_cortexM4lf_math.a(arm_common_tables.o)

.debug_aranges  0x00000000      0x3e8
 .debug_aranges
                0x00000000       0x38 ./Core/Src/main.o
 .debug_aranges
                0x00000038       0x20 ./Core/Src/stm32f4xx_hal_msp.o
 .debug_aranges
                0x00000058       0x60 ./Core/Src/stm32f4xx_it.o
 .debug_aranges
                0x000000b8       0x28 ./Core/Src/system_stm32f4xx.o
 .debug_aranges
                0x000000e0       0x28 ./Core/Startup/startup_stm32f407vgtx.o
 .debug_aranges
                0x00000108       0xf0 ./Drivers/STM32F4xx_HAL_Driver/Src/stm32f4xx_hal.o
 .debug_aranges
                0x000001f8      0x130 ./Drivers/STM32F4xx_HAL_Driver/Src/stm32f4xx_hal_cortex.o
 .debug_aranges
                0x00000328       0x88 ./Drivers/STM32F4xx_HAL_Driver/Src/stm32f4xx_hal_rcc.o
 .debug_aranges
                0x000003b0       0x20 D:\Embedded_MCU\STM32\STM32F40x\STM32-DSP\STM32_Digital_Audio\firmware\STM32F4_CMSIS-DSP_Sample\Drivers\CMSIS\Lib\GCC\libarm_cortexM4lf_math.a(arm_cos_f32.o)
 .debug_aranges
                0x000003d0       0x18 D:\Embedded_MCU\STM32\STM32F40x\STM32-DSP\STM32_Digital_Audio\firmware\STM32F4_CMSIS-DSP_Sample\Drivers\CMSIS\Lib\GCC\libarm_cortexM4lf_math.a(arm_common_tables.o)

.debug_rnglists
                0x00000000      0x2a4
 .debug_rnglists
                0x00000000       0x26 ./Core/Src/main.o
 .debug_rnglists
                0x00000026       0x13 ./Core/Src/stm32f4xx_hal_msp.o
 .debug_rnglists
                0x00000039       0x43 ./Core/Src/stm32f4xx_it.o
 .debug_rnglists
                0x0000007c       0x1a ./Core/Src/system_stm32f4xx.o
 .debug_rnglists
                0x00000096       0x19 ./Core/Startup/startup_stm32f407vgtx.o
 .debug_rnglists
                0x000000af       0xaf ./Drivers/STM32F4xx_HAL_Driver/Src/stm32f4xx_hal.o
 .debug_rnglists
                0x0000015e       0xe0 ./Drivers/STM32F4xx_HAL_Driver/Src/stm32f4xx_hal_cortex.o
 .debug_rnglists
                0x0000023e       0x66 ./Drivers/STM32F4xx_HAL_Driver/Src/stm32f4xx_hal_rcc.o

.debug_macro    0x00000000    0x1f9ba
 .debug_macro   0x00000000      0x2bc ./Core/Src/main.o
 .debug_macro   0x000002bc      0xad8 ./Core/Src/main.o
 .debug_macro   0x00000d94      0x28f ./Core/Src/main.o
 .debug_macro   0x00001023       0x2e ./Core/Src/main.o
 .debug_macro   0x00001051       0x2f ./Core/Src/main.o
 .debug_macro   0x00001080       0x22 ./Core/Src/main.o
 .debug_macro   0x000010a2       0x8e ./Core/Src/main.o
 .debug_macro   0x00001130       0x51 ./Core/Src/main.o
 .debug_macro   0x00001181      0x103 ./Core/Src/main.o
 .debug_macro   0x00001284       0x6a ./Core/Src/main.o
 .debug_macro   0x000012ee      0x1df ./Core/Src/main.o
 .debug_macro   0x000014cd       0x1c ./Core/Src/main.o
 .debug_macro   0x000014e9       0x22 ./Core/Src/main.o
 .debug_macro   0x0000150b       0xfb ./Core/Src/main.o
 .debug_macro   0x00001606     0x1011 ./Core/Src/main.o
 .debug_macro   0x00002617      0x11f ./Core/Src/main.o
 .debug_macro   0x00002736    0x15ea5 ./Core/Src/main.o
 .debug_macro   0x000185db       0x6d ./Core/Src/main.o
 .debug_macro   0x00018648     0x3693 ./Core/Src/main.o
 .debug_macro   0x0001bcdb      0x190 ./Core/Src/main.o
 .debug_macro   0x0001be6b       0x5c ./Core/Src/main.o
 .debug_macro   0x0001bec7      0x980 ./Core/Src/main.o
 .debug_macro   0x0001c847      0x9e9 ./Core/Src/main.o
 .debug_macro   0x0001d230      0x115 ./Core/Src/main.o
 .debug_macro   0x0001d345      0x13e ./Core/Src/main.o
 .debug_macro   0x0001d483       0xa5 ./Core/Src/main.o
 .debug_macro   0x0001d528      0x174 ./Core/Src/main.o
 .debug_macro   0x0001d69c      0x287 ./Core/Src/main.o
 .debug_macro   0x0001d923       0x5f ./Core/Src/main.o
 .debug_macro   0x0001d982      0x236 ./Core/Src/main.o
 .debug_macro   0x0001dbb8      0x12c ./Core/Src/main.o
 .debug_macro   0x0001dce4      0x21e ./Core/Src/main.o
 .debug_macro   0x0001df02       0x2e ./Core/Src/main.o
 .debug_macro   0x0001df30      0x127 ./Core/Src/main.o
 .debug_macro   0x0001e057       0x7e ./Core/Src/main.o
 .debug_macro   0x0001e0d5       0x89 ./Core/Src/main.o
 .debug_macro   0x0001e15e      0x12d ./Core/Src/main.o
 .debug_macro   0x0001e28b       0x61 ./Core/Src/main.o
 .debug_macro   0x0001e2ec       0x2a ./Core/Src/main.o
 .debug_macro   0x0001e316       0x43 ./Core/Src/main.o
 .debug_macro   0x0001e359       0x34 ./Core/Src/main.o
 .debug_macro   0x0001e38d      0x370 ./Core/Src/main.o
 .debug_macro   0x0001e6fd       0x16 ./Core/Src/main.o
 .debug_macro   0x0001e713       0x4a ./Core/Src/main.o
 .debug_macro   0x0001e75d       0x34 ./Core/Src/main.o
 .debug_macro   0x0001e791       0x10 ./Core/Src/main.o
 .debug_macro   0x0001e7a1       0x58 ./Core/Src/main.o
 .debug_macro   0x0001e7f9       0x8e ./Core/Src/main.o
 .debug_macro   0x0001e887       0x1c ./Core/Src/main.o
 .debug_macro   0x0001e8a3      0x185 ./Core/Src/main.o
 .debug_macro   0x0001ea28       0x10 ./Core/Src/main.o
 .debug_macro   0x0001ea38       0x3c ./Core/Src/main.o
 .debug_macro   0x0001ea74       0x20 ./Core/Src/main.o
 .debug_macro   0x0001ea94      0x19b ./Core/Src/main.o
 .debug_macro   0x0001ec2f      0x201 ./Core/Src/main.o
 .debug_macro   0x0001ee30       0xc8 ./Core/Src/main.o
 .debug_macro   0x0001eef8      0x1ba ./Core/Src/stm32f4xx_hal_msp.o
 .debug_macro   0x0001f0b2      0x1c4 ./Core/Src/stm32f4xx_it.o
 .debug_macro   0x0001f276      0x1b0 ./Core/Src/system_stm32f4xx.o
 .debug_macro   0x0001f426      0x210 ./Drivers/STM32F4xx_HAL_Driver/Src/stm32f4xx_hal.o
 .debug_macro   0x0001f636      0x1b0 ./Drivers/STM32F4xx_HAL_Driver/Src/stm32f4xx_hal_cortex.o
 .debug_macro   0x0001f7e6      0x1d4 ./Drivers/STM32F4xx_HAL_Driver/Src/stm32f4xx_hal_rcc.o

.debug_line     0x00000000     0x49e0
 .debug_line    0x00000000      0x987 ./Core/Src/main.o
 .debug_line    0x00000987      0x6fe ./Core/Src/stm32f4xx_hal_msp.o
 .debug_line    0x00001085      0x7ac ./Core/Src/stm32f4xx_it.o
 .debug_line    0x00001831      0x773 ./Core/Src/system_stm32f4xx.o
 .debug_line    0x00001fa4       0x7a ./Core/Startup/startup_stm32f407vgtx.o
 .debug_line    0x0000201e      0x9ef ./Drivers/STM32F4xx_HAL_Driver/Src/stm32f4xx_hal.o
 .debug_line    0x00002a0d      0xcbf ./Drivers/STM32F4xx_HAL_Driver/Src/stm32f4xx_hal_cortex.o
 .debug_line    0x000036cc      0xdfe ./Drivers/STM32F4xx_HAL_Driver/Src/stm32f4xx_hal_rcc.o
 .debug_line    0x000044ca      0x2d3 D:\Embedded_MCU\STM32\STM32F40x\STM32-DSP\STM32_Digital_Audio\firmware\STM32F4_CMSIS-DSP_Sample\Drivers\CMSIS\Lib\GCC\libarm_cortexM4lf_math.a(arm_cos_f32.o)
 .debug_line    0x0000479d      0x243 D:\Embedded_MCU\STM32\STM32F40x\STM32-DSP\STM32_Digital_Audio\firmware\STM32F4_CMSIS-DSP_Sample\Drivers\CMSIS\Lib\GCC\libarm_cortexM4lf_math.a(arm_common_tables.o)

.debug_str      0x00000000    0xc149d
 .debug_str     0x00000000    0xc149d ./Core/Src/main.o
                              0xbf81c (size before relaxing)
 .debug_str     0x000c149d    0xbb0bb ./Core/Src/stm32f4xx_hal_msp.o
 .debug_str     0x000c149d    0xbb024 ./Core/Src/stm32f4xx_it.o
 .debug_str     0x000c149d    0xbb14e ./Core/Src/system_stm32f4xx.o
 .debug_str     0x000c149d       0xaa ./Core/Startup/startup_stm32f407vgtx.o
 .debug_str     0x000c149d    0xbbcd2 ./Drivers/STM32F4xx_HAL_Driver/Src/stm32f4xx_hal.o
 .debug_str     0x000c149d    0xbba4e ./Drivers/STM32F4xx_HAL_Driver/Src/stm32f4xx_hal_cortex.o
 .debug_str     0x000c149d    0xbb582 ./Drivers/STM32F4xx_HAL_Driver/Src/stm32f4xx_hal_rcc.o
 .debug_str     0x000c149d      0xd42 D:\Embedded_MCU\STM32\STM32F40x\STM32-DSP\STM32_Digital_Audio\firmware\STM32F4_CMSIS-DSP_Sample\Drivers\CMSIS\Lib\GCC\libarm_cortexM4lf_math.a(arm_cos_f32.o)
 .debug_str     0x000c149d      0xd1d D:\Embedded_MCU\STM32\STM32F40x\STM32-DSP\STM32_Digital_Audio\firmware\STM32F4_CMSIS-DSP_Sample\Drivers\CMSIS\Lib\GCC\libarm_cortexM4lf_math.a(arm_common_tables.o)

.comment        0x00000000       0xb8
 .comment       0x00000000       0xb8 ./Core/Src/main.o
                                 0x44 (size before relaxing)
 .comment       0x000000b8       0x44 ./Core/Src/stm32f4xx_hal_msp.o
 .comment       0x000000b8       0x44 ./Core/Src/stm32f4xx_it.o
 .comment       0x000000b8       0x44 ./Core/Src/system_stm32f4xx.o
 .comment       0x000000b8       0x44 ./Drivers/STM32F4xx_HAL_Driver/Src/stm32f4xx_hal.o
 .comment       0x000000b8       0x44 ./Drivers/STM32F4xx_HAL_Driver/Src/stm32f4xx_hal_cortex.o
 .comment       0x000000b8       0x44 ./Drivers/STM32F4xx_HAL_Driver/Src/stm32f4xx_hal_rcc.o
 .comment       0x000000b8       0x76 D:\Embedded_MCU\STM32\STM32F40x\STM32-DSP\STM32_Digital_Audio\firmware\STM32F4_CMSIS-DSP_Sample\Drivers\CMSIS\Lib\GCC\libarm_cortexM4lf_math.a(arm_cos_f32.o)
 .comment       0x000000b8       0x76 D:\Embedded_MCU\STM32\STM32F40x\STM32-DSP\STM32_Digital_Audio\firmware\STM32F4_CMSIS-DSP_Sample\Drivers\CMSIS\Lib\GCC\libarm_cortexM4lf_math.a(arm_common_tables.o)

.debug_frame    0x00000000      0xd5c
 .debug_frame   0x00000000       0x90 ./Core/Src/main.o
 .debug_frame   0x00000090       0x34 ./Core/Src/stm32f4xx_hal_msp.o
 .debug_frame   0x000000c4      0x104 ./Core/Src/stm32f4xx_it.o
 .debug_frame   0x000001c8       0x58 ./Core/Src/system_stm32f4xx.o
 .debug_frame   0x00000220      0x374 ./Drivers/STM32F4xx_HAL_Driver/Src/stm32f4xx_hal.o
 .debug_frame   0x00000594      0x508 ./Drivers/STM32F4xx_HAL_Driver/Src/stm32f4xx_hal_cortex.o
 .debug_frame   0x00000a9c      0x1f4 ./Drivers/STM32F4xx_HAL_Driver/Src/stm32f4xx_hal_rcc.o
 .debug_frame   0x00000c90       0x20 D:\Embedded_MCU\STM32\STM32F40x\STM32-DSP\STM32_Digital_Audio\firmware\STM32F4_CMSIS-DSP_Sample\Drivers\CMSIS\Lib\GCC\libarm_cortexM4lf_math.a(arm_cos_f32.o)
 .debug_frame   0x00000cb0       0x20 C:/ST/STM32CubeIDE_1.19.0/STM32CubeIDE/plugins/com.st.stm32cube.ide.mcu.externaltools.gnu-tools-for-stm32.13.3.rel1.win32_1.0.0.202411081344/tools/bin/../lib/gcc/arm-none-eabi/13.3.1/../../../../arm-none-eabi/lib/thumb/v7e-m+fp/hard\libc_nano.a(libc_a-memset.o)
 .debug_frame   0x00000cd0       0x2c C:/ST/STM32CubeIDE_1.19.0/STM32CubeIDE/plugins/com.st.stm32cube.ide.mcu.externaltools.gnu-tools-for-stm32.13.3.rel1.win32_1.0.0.202411081344/tools/bin/../lib/gcc/arm-none-eabi/13.3.1/../../../../arm-none-eabi/lib/thumb/v7e-m+fp/hard\libc_nano.a(libc_a-init.o)
 .debug_frame   0x00000cfc       0x2c C:/ST/STM32CubeIDE_1.19.0/STM32CubeIDE/plugins/com.st.stm32cube.ide.mcu.externaltools.gnu-tools-for-stm32.13.3.rel1.win32_1.0.0.202411081344/tools/bin/../lib/gcc/arm-none-eabi/13.3.1/thumb/v7e-m+fp/hard\libgcc.a(_aeabi_uldivmod.o)
 .debug_frame   0x00000d28       0x34 C:/ST/STM32CubeIDE_1.19.0/STM32CubeIDE/plugins/com.st.stm32cube.ide.mcu.externaltools.gnu-tools-for-stm32.13.3.rel1.win32_1.0.0.202411081344/tools/bin/../lib/gcc/arm-none-eabi/13.3.1/thumb/v7e-m+fp/hard\libgcc.a(_udivmoddi4.o)

.debug_line_str
                0x00000000       0x8e
 .debug_line_str
                0x00000000       0x8e ./Core/Startup/startup_stm32f407vgtx.o

.debug_loc      0x00000000       0xfa
 .debug_loc     0x00000000       0xfa D:\Embedded_MCU\STM32\STM32F40x\STM32-DSP\STM32_Digital_Audio\firmware\STM32F4_CMSIS-DSP_Sample\Drivers\CMSIS\Lib\GCC\libarm_cortexM4lf_math.a(arm_cos_f32.o)

.debug_ranges   0x00000000       0x10
 .debug_ranges  0x00000000       0x10 D:\Embedded_MCU\STM32\STM32F40x\STM32-DSP\STM32_Digital_Audio\firmware\STM32F4_CMSIS-DSP_Sample\Drivers\CMSIS\Lib\GCC\libarm_cortexM4lf_math.a(arm_cos_f32.o)
