../Core/Src/main.c:87:5:main	8	static
../Core/Src/main.c:151:6:SystemClock_Config	88	static
../Core/Src/main.c:194:13:MX_DAC_Init	16	static
../Core/Src/main.c:231:13:MX_I2S2_Init	8	static
../Core/Src/main.c:261:13:MX_DMA_Init	16	static
../Core/Src/main.c:284:13:MX_GPIO_Init	24	static
../Core/Src/main.c:301:5:DoCompressor	24	static
../Core/Src/main.c:370:6:HAL_I2SEx_TxRxHalfCpltCallback	24	static
../Core/Src/main.c:395:6:HAL_I2SEx_TxRxCpltCallback	24	static
../Core/Src/main.c:426:6:Error_Handler	4	static,ignoring_inline_asm
