../Core/Src/main.c:98:5:main	16	static
../Core/Src/main.c:151:6:SystemClock_Config	88	static
../Core/Src/main.c:197:13:MX_I2C1_Init	8	static
../Core/Src/main.c:231:13:MX_I2S3_Init	8	static
../Core/Src/main.c:263:13:MX_DMA_Init	16	static
../Core/Src/main.c:281:13:MX_GPIO_Init	48	static
../Core/Src/main.c:311:6:HAL_I2S_TxCpltCallback	16	static
../Core/Src/main.c:320:6:HAL_I2S_TxHalfCpltCallback	16	static
../Core/Src/main.c:329:6:process_buffer	32	static
../Core/Src/main.c:354:6:Error_Handler	4	static,ignoring_inline_asm
