Archive member included to satisfy reference by file (symbol)

C:/ST/STM32CubeIDE_1.19.0/STM32CubeIDE/plugins/com.st.stm32cube.ide.mcu.externaltools.gnu-tools-for-stm32.13.3.rel1.win32_1.0.0.202411081344/tools/bin/../lib/gcc/arm-none-eabi/13.3.1/../../../../arm-none-eabi/lib/thumb/v7e-m+fp/hard\libc_nano.a(libc_a-exit.o)
                              C:/ST/STM32CubeIDE_1.19.0/STM32CubeIDE/plugins/com.st.stm32cube.ide.mcu.externaltools.gnu-tools-for-stm32.13.3.rel1.win32_1.0.0.202411081344/tools/bin/../lib/gcc/arm-none-eabi/13.3.1/../../../../arm-none-eabi/lib/thumb/v7e-m+fp/hard/crt0.o (exit)
C:/ST/STM32CubeIDE_1.19.0/STM32CubeIDE/plugins/com.st.stm32cube.ide.mcu.externaltools.gnu-tools-for-stm32.13.3.rel1.win32_1.0.0.202411081344/tools/bin/../lib/gcc/arm-none-eabi/13.3.1/../../../../arm-none-eabi/lib/thumb/v7e-m+fp/hard\libc_nano.a(libc_a-findfp.o)
                              C:/ST/STM32CubeIDE_1.19.0/STM32CubeIDE/plugins/com.st.stm32cube.ide.mcu.externaltools.gnu-tools-for-stm32.13.3.rel1.win32_1.0.0.202411081344/tools/bin/../lib/gcc/arm-none-eabi/13.3.1/../../../../arm-none-eabi/lib/thumb/v7e-m+fp/hard\libc_nano.a(libc_a-exit.o) (__stdio_exit_handler)
C:/ST/STM32CubeIDE_1.19.0/STM32CubeIDE/plugins/com.st.stm32cube.ide.mcu.externaltools.gnu-tools-for-stm32.13.3.rel1.win32_1.0.0.202411081344/tools/bin/../lib/gcc/arm-none-eabi/13.3.1/../../../../arm-none-eabi/lib/thumb/v7e-m+fp/hard\libc_nano.a(libc_a-fwalk.o)
                              C:/ST/STM32CubeIDE_1.19.0/STM32CubeIDE/plugins/com.st.stm32cube.ide.mcu.externaltools.gnu-tools-for-stm32.13.3.rel1.win32_1.0.0.202411081344/tools/bin/../lib/gcc/arm-none-eabi/13.3.1/../../../../arm-none-eabi/lib/thumb/v7e-m+fp/hard\libc_nano.a(libc_a-findfp.o) (_fwalk_sglue)
C:/ST/STM32CubeIDE_1.19.0/STM32CubeIDE/plugins/com.st.stm32cube.ide.mcu.externaltools.gnu-tools-for-stm32.13.3.rel1.win32_1.0.0.202411081344/tools/bin/../lib/gcc/arm-none-eabi/13.3.1/../../../../arm-none-eabi/lib/thumb/v7e-m+fp/hard\libc_nano.a(libc_a-stdio.o)
                              C:/ST/STM32CubeIDE_1.19.0/STM32CubeIDE/plugins/com.st.stm32cube.ide.mcu.externaltools.gnu-tools-for-stm32.13.3.rel1.win32_1.0.0.202411081344/tools/bin/../lib/gcc/arm-none-eabi/13.3.1/../../../../arm-none-eabi/lib/thumb/v7e-m+fp/hard\libc_nano.a(libc_a-findfp.o) (__sread)
C:/ST/STM32CubeIDE_1.19.0/STM32CubeIDE/plugins/com.st.stm32cube.ide.mcu.externaltools.gnu-tools-for-stm32.13.3.rel1.win32_1.0.0.202411081344/tools/bin/../lib/gcc/arm-none-eabi/13.3.1/../../../../arm-none-eabi/lib/thumb/v7e-m+fp/hard\libc_nano.a(libc_a-memset.o)
                              C:/ST/STM32CubeIDE_1.19.0/STM32CubeIDE/plugins/com.st.stm32cube.ide.mcu.externaltools.gnu-tools-for-stm32.13.3.rel1.win32_1.0.0.202411081344/tools/bin/../lib/gcc/arm-none-eabi/13.3.1/../../../../arm-none-eabi/lib/thumb/v7e-m+fp/hard/crt0.o (memset)
C:/ST/STM32CubeIDE_1.19.0/STM32CubeIDE/plugins/com.st.stm32cube.ide.mcu.externaltools.gnu-tools-for-stm32.13.3.rel1.win32_1.0.0.202411081344/tools/bin/../lib/gcc/arm-none-eabi/13.3.1/../../../../arm-none-eabi/lib/thumb/v7e-m+fp/hard\libc_nano.a(libc_a-closer.o)
                              C:/ST/STM32CubeIDE_1.19.0/STM32CubeIDE/plugins/com.st.stm32cube.ide.mcu.externaltools.gnu-tools-for-stm32.13.3.rel1.win32_1.0.0.202411081344/tools/bin/../lib/gcc/arm-none-eabi/13.3.1/../../../../arm-none-eabi/lib/thumb/v7e-m+fp/hard\libc_nano.a(libc_a-stdio.o) (_close_r)
C:/ST/STM32CubeIDE_1.19.0/STM32CubeIDE/plugins/com.st.stm32cube.ide.mcu.externaltools.gnu-tools-for-stm32.13.3.rel1.win32_1.0.0.202411081344/tools/bin/../lib/gcc/arm-none-eabi/13.3.1/../../../../arm-none-eabi/lib/thumb/v7e-m+fp/hard\libc_nano.a(libc_a-reent.o)
                              C:/ST/STM32CubeIDE_1.19.0/STM32CubeIDE/plugins/com.st.stm32cube.ide.mcu.externaltools.gnu-tools-for-stm32.13.3.rel1.win32_1.0.0.202411081344/tools/bin/../lib/gcc/arm-none-eabi/13.3.1/../../../../arm-none-eabi/lib/thumb/v7e-m+fp/hard\libc_nano.a(libc_a-closer.o) (errno)
C:/ST/STM32CubeIDE_1.19.0/STM32CubeIDE/plugins/com.st.stm32cube.ide.mcu.externaltools.gnu-tools-for-stm32.13.3.rel1.win32_1.0.0.202411081344/tools/bin/../lib/gcc/arm-none-eabi/13.3.1/../../../../arm-none-eabi/lib/thumb/v7e-m+fp/hard\libc_nano.a(libc_a-impure.o)
                              C:/ST/STM32CubeIDE_1.19.0/STM32CubeIDE/plugins/com.st.stm32cube.ide.mcu.externaltools.gnu-tools-for-stm32.13.3.rel1.win32_1.0.0.202411081344/tools/bin/../lib/gcc/arm-none-eabi/13.3.1/../../../../arm-none-eabi/lib/thumb/v7e-m+fp/hard\libc_nano.a(libc_a-reent.o) (_impure_ptr)
C:/ST/STM32CubeIDE_1.19.0/STM32CubeIDE/plugins/com.st.stm32cube.ide.mcu.externaltools.gnu-tools-for-stm32.13.3.rel1.win32_1.0.0.202411081344/tools/bin/../lib/gcc/arm-none-eabi/13.3.1/../../../../arm-none-eabi/lib/thumb/v7e-m+fp/hard\libc_nano.a(libc_a-lseekr.o)
[...]
Memory Configuration

Name             Origin             Length             Attributes
CCMRAM           0x10000000         0x00010000         xrw
RAM              0x20000000         0x00020000         xrw
FLASH            0x08000000         0x00100000         xr
*default*        0x00000000         0xffffffff

Linker script and memory map

LOAD C:/ST/STM32CubeIDE_1.19.0/STM32CubeIDE/plugins/com.st.stm32cube.ide.mcu.externaltools.gnu-tools-for-stm32.13.3.rel1.win32_1.0.0.202411081344/tools/bin/../lib/gcc/arm-none-eabi/13.3.1/thumb/v7e-m+fp/hard/crti.o
LOAD C:/ST/STM32CubeIDE_1.19.0/STM32CubeIDE/plugins/com.st.stm32cube.ide.mcu.externaltools.gnu-tools-for-stm32.13.3.rel1.win32_1.0.0.202411081344/tools/bin/../lib/gcc/arm-none-eabi/13.3.1/thumb/v7e-m+fp/hard/crtbegin.o
LOAD C:/ST/STM32CubeIDE_1.19.0/STM32CubeIDE/plugins/com.st.stm32cube.ide.mcu.externaltools.gnu-tools-for-stm32.13.3.rel1.win32_1.0.0.202411081344/tools/bin/../lib/gcc/arm-none-eabi/13.3.1/../../../../arm-none-eabi/lib/thumb/v7e-m+fp/hard/crt0.o
LOAD ./Core/Src/main.o
LOAD ./Core/Src/stm32f4xx_hal_msp.o
LOAD ./Core/Src/stm32f4xx_it.o
LOAD ./Core/Src/syscalls.o
LOAD ./Core/Src/sysmem.o
LOAD ./Core/Src/system_stm32f4xx.o
LOAD ./Core/Startup/startup_stm32f407vgtx.o
LOAD ./Drivers/CMSIS/DSP/Source/SupportFunctions/SupportFunctions.o
LOAD ./Drivers/CMSIS/DSP/Source/SupportFunctions/arm_copy_f32.o
LOAD ./Drivers/CMSIS/DSP/Source/SupportFunctions/arm_copy_q15.o
LOAD ./Drivers/CMSIS/DSP/Source/SupportFunctions/arm_copy_q31.o
LOAD ./Drivers/CMSIS/DSP/Source/SupportFunctions/arm_copy_q7.o
LOAD ./Drivers/CMSIS/DSP/Source/SupportFunctions/arm_fill_f32.o
LOAD ./Drivers/CMSIS/DSP/Source/SupportFunctions/arm_fill_q15.o
LOAD ./Drivers/CMSIS/DSP/Source/SupportFunctions/arm_fill_q31.o
LOAD ./Drivers/CMSIS/DSP/Source/SupportFunctions/arm_fill_q7.o
LOAD ./Drivers/CMSIS/DSP/Source/SupportFunctions/arm_float_to_q15.o
LOAD ./Drivers/CMSIS/DSP/Source/SupportFunctions/arm_float_to_q31.o
LOAD ./Drivers/CMSIS/DSP/Source/SupportFunctions/arm_float_to_q7.o
LOAD ./Drivers/CMSIS/DSP/Source/SupportFunctions/arm_q15_to_float.o
LOAD ./Drivers/CMSIS/DSP/Source/SupportFunctions/arm_q15_to_q31.o
LOAD ./Drivers/CMSIS/DSP/Source/SupportFunctions/arm_q15_to_q7.o
LOAD ./Drivers/CMSIS/DSP/Source/SupportFunctions/arm_q31_to_float.o
LOAD ./Drivers/CMSIS/DSP/Source/SupportFunctions/arm_q31_to_q15.o
LOAD ./Drivers/CMSIS/DSP/Source/SupportFunctions/arm_q31_to_q7.o
LOAD ./Drivers/CMSIS/DSP/Source/SupportFunctions/arm_q7_to_float.o
LOAD ./Drivers/CMSIS/DSP/Source/SupportFunctions/arm_q7_to_q15.o
LOAD ./Drivers/CMSIS/DSP/Source/SupportFunctions/arm_q7_to_q31.o
LOAD ./Drivers/STM32F4xx_HAL_Driver/Src/stm32f4xx_hal.o
LOAD ./Drivers/STM32F4xx_HAL_Driver/Src/stm32f4xx_hal_cortex.o
LOAD ./Drivers/STM32F4xx_HAL_Driver/Src/stm32f4xx_hal_dac.o
LOAD ./Drivers/STM32F4xx_HAL_Driver/Src/stm32f4xx_hal_dac_ex.o
LOAD ./Drivers/STM32F4xx_HAL_Driver/Src/stm32f4xx_hal_dma.o
LOAD ./Drivers/STM32F4xx_HAL_Driver/Src/stm32f4xx_hal_dma_ex.o
LOAD ./Drivers/STM32F4xx_HAL_Driver/Src/stm32f4xx_hal_exti.o
LOAD ./Drivers/STM32F4xx_HAL_Driver/Src/stm32f4xx_hal_flash.o
LOAD ./Drivers/STM32F4xx_HAL_Driver/Src/stm32f4xx_hal_flash_ex.o
LOAD ./Drivers/STM32F4xx_HAL_Driver/Src/stm32f4xx_hal_flash_ramfunc.o
LOAD ./Drivers/STM32F4xx_HAL_Driver/Src/stm32f4xx_hal_gpio.o
LOAD ./Drivers/STM32F4xx_HAL_Driver/Src/stm32f4xx_hal_i2s.o
LOAD ./Drivers/STM32F4xx_HAL_Driver/Src/stm32f4xx_hal_i2s_ex.o
LOAD ./Drivers/STM32F4xx_HAL_Driver/Src/stm32f4xx_hal_pwr.o
LOAD ./Drivers/STM32F4xx_HAL_Driver/Src/stm32f4xx_hal_pwr_ex.o
LOAD ./Drivers/STM32F4xx_HAL_Driver/Src/stm32f4xx_hal_rcc.o
LOAD ./Drivers/STM32F4xx_HAL_Driver/Src/stm32f4xx_hal_rcc_ex.o
LOAD D:\Embedded_MCU\STM32\STM32F40x\STM32-DSP\STM32_Digital_Audio\firmware\007_Compressor\Drivers\CMSIS\Lib\GCC\libarm_cortexM4lf_math.a
START GROUP
LOAD C:/ST/STM32CubeIDE_1.19.0/STM32CubeIDE/plugins/com.st.stm32cube.ide.mcu.externaltools.gnu-tools-for-stm32.13.3.rel1.win32_1.0.0.202411081344/tools/bin/../lib/gcc/arm-none-eabi/13.3.1/../../../../arm-none-eabi/lib/thumb/v7e-m+fp/hard\libc_nano.a
LOAD C:/ST/STM32CubeIDE_1.19.0/STM32CubeIDE/plugins/com.st.stm32cube.ide.mcu.externaltools.gnu-tools-for-stm32.13.3.rel1.win32_1.0.0.202411081344/tools/bin/../lib/gcc/arm-none-eabi/13.3.1/../../../../arm-none-eabi/lib/thumb/v7e-m+fp/hard\libm.a
END GROUP
START GROUP
LOAD C:/ST/STM32CubeIDE_1.19.0/STM32CubeIDE/plugins/com.st.stm32cube.ide.mcu.externaltools.gnu-tools-for-stm32.13.3.rel1.win32_1.0.0.202411081344/tools/bin/../lib/gcc/arm-none-eabi/13.3.1/thumb/v7e-m+fp/hard\libgcc.a
LOAD C:/ST/STM32CubeIDE_1.19.0/STM32CubeIDE/plugins/com.st.stm32cube.ide.mcu.externaltools.gnu-tools-for-stm32.13.3.rel1.win32_1.0.0.202411081344/tools/bin/../lib/gcc/arm-none-eabi/13.3.1/../../../../arm-none-eabi/lib/thumb/v7e-m+fp/hard\libc_nano.a
END GROUP
START GROUP
LOAD C:/ST/STM32CubeIDE_1.19.0/STM32CubeIDE/plugins/com.st.stm32cube.ide.mcu.externaltools.gnu-tools-for-stm32.13.3.rel1.win32_1.0.0.202411081344/tools/bin/../lib/gcc/arm-none-eabi/13.3.1/thumb/v7e-m+fp/hard\libgcc.a
LOAD C:/ST/STM32CubeIDE_1.19.0/STM32CubeIDE/plugins/com.st.stm32cube.ide.mcu.externaltools.gnu-tools-for-stm32.13.3.rel1.win32_1.0.0.202411081344/tools/bin/../lib/gcc/arm-none-eabi/13.3.1/../../../../arm-none-eabi/lib/thumb/v7e-m+fp/hard\libc_nano.a
LOAD C:/ST/STM32CubeIDE_1.19.0/STM32CubeIDE/plugins/com.st.stm32cube.ide.mcu.externaltools.gnu-tools-for-stm32.13.3.rel1.win32_1.0.0.202411081344/tools/bin/../lib/gcc/arm-none-eabi/13.3.1/../../../../arm-none-eabi/lib/thumb/v7e-m+fp/hard\libnosys.a
END GROUP
START GROUP
LOAD C:/ST/STM32CubeIDE_1.19.0/STM32CubeIDE/plugins/com.st.stm32cube.ide.mcu.externaltools.gnu-tools-for-stm32.13.3.rel1.win32_1.0.0.202411081344/tools/bin/../lib/gcc/arm-none-eabi/13.3.1/thumb/v7e-m+fp/hard\libgcc.a
LOAD C:/ST/STM32CubeIDE_1.19.0/STM32CubeIDE/plugins/com.st.stm32cube.ide.mcu.externaltools.gnu-tools-for-stm32.13.3.rel1.win32_1.0.0.202411081344/tools/bin/../lib/gcc/arm-none-eabi/13.3.1/../../../../arm-none-eabi/lib/thumb/v7e-m+fp/hard\libc_nano.a
LOAD C:/ST/STM32CubeIDE_1.19.0/STM32CubeIDE/plugins/com.st.stm32cube.ide.mcu.externaltools.gnu-tools-for-stm32.13.3.rel1.win32_1.0.0.202411081344/tools/bin/../lib/gcc/arm-none-eabi/13.3.1/../../../../arm-none-eabi/lib/thumb/v7e-m+fp/hard\libnosys.a
END GROUP
LOAD C:/ST/STM32CubeIDE_1.19.0/STM32CubeIDE/plugins/com.st.stm32cube.ide.mcu.externaltools.gnu-tools-for-stm32.13.3.rel1.win32_1.0.0.202411081344/tools/bin/../lib/gcc/arm-none-eabi/13.3.1/thumb/v7e-m+fp/hard/crtend.o
LOAD C:/ST/STM32CubeIDE_1.19.0/STM32CubeIDE/plugins/com.st.stm32cube.ide.mcu.externaltools.gnu-tools-for-stm32.13.3.rel1.win32_1.0.0.202411081344/tools/bin/../lib/gcc/arm-none-eabi/13.3.1/thumb/v7e-m+fp/hard/crtn.o
                0x20020000                        _estack = (ORIGIN (RAM) + LENGTH (RAM))
                0x00000200                        _Min_Heap_Size = 0x200
                0x00000400                        _Min_Stack_Size = 0x400

.isr_vector     0x08000000      0x188
                0x08000000                        . = ALIGN (0x4)
 *(.isr_vector)
 .isr_vector    0x08000000      0x188 ./Core/Startup/startup_stm32f407vgtx.o
                0x08000000                g_pfnVectors
                0x08000188                        . = ALIGN (0x4)

.text           0x08000188     0x3548
                0x08000188                        . = ALIGN (0x4)
 *(.text)
 .text          0x08000188       0x40 C:/ST/STM32CubeIDE_1.19.0/STM32CubeIDE/plugins/com.st.stm32cube.ide.mcu.externaltools.gnu-tools-for-stm32.13.3.rel1.win32_1.0.0.202411081344/tools/bin/../lib/gcc/arm-none-eabi/13.3.1/thumb/v7e-m+fp/hard/crtbegin.o
 .text          0x080001c8       0x30 C:/ST/STM32CubeIDE_1.19.0/STM32CubeIDE/plugins/com.st.stm32cube.ide.mcu.externaltools.gnu-tools-for-stm32.13.3.rel1.win32_1.0.0.202411081344/tools/bin/../lib/gcc/arm-none-eabi/13.3.1/thumb/v7e-m+fp/hard\libgcc.a(_aeabi_uldivmod.o)
                0x080001c8                __aeabi_uldivmod
 .text          0x080001f8      0x2f8 C:/ST/STM32CubeIDE_1.19.0/STM32CubeIDE/plugins/com.st.stm32cube.ide.mcu.externaltools.gnu-tools-for-stm32.13.3.rel1.win32_1.0.0.202411081344/tools/bin/../lib/gcc/arm-none-eabi/13.3.1/thumb/v7e-m+fp/hard\libgcc.a(_udivmoddi4.o)
                0x080001f8                __udivmoddi4
 .text          0x080004f0        0x4 C:/ST/STM32CubeIDE_1.19.0/STM32CubeIDE/plugins/com.st.stm32cube.ide.mcu.externaltools.gnu-tools-for-stm32.13.3.rel1.win32_1.0.0.202411081344/tools/bin/../lib/gcc/arm-none-eabi/13.3.1/thumb/v7e-m+fp/hard\libgcc.a(_dvmd_tls.o)
                0x080004f0                __aeabi_idiv0
                0x080004f0                __aeabi_ldiv0
 *(.text*)
 .text.main     0x080004f4       0xd4 ./Core/Src/main.o
                0x080004f4                main
 .text.SystemClock_Config
                0x080005c8       0xd4 ./Core/Src/main.o
                0x080005c8                SystemClock_Config
 .text.MX_DAC_Init
                0x0800069c       0x54 ./Core/Src/main.o
 .text.MX_I2S2_Init
                0x080006f0       0x60 ./Core/Src/main.o
 .text.MX_DMA_Init
                0x08000750       0x60 ./Core/Src/main.o
 .text.MX_GPIO_Init
                0x080007b0       0x88 ./Core/Src/main.o
 .text.DoCompressor
                0x08000838      0x220 ./Core/Src/main.o
                0x08000838                DoCompressor
 .text.HAL_I2SEx_TxRxHalfCpltCallback
                0x08000a58       0x78 ./Core/Src/main.o
                0x08000a58                HAL_I2SEx_TxRxHalfCpltCallback
 .text.HAL_I2SEx_TxRxCpltCallback
                0x08000ad0       0x78 ./Core/Src/main.o
                0x08000ad0                HAL_I2SEx_TxRxCpltCallback
 .text.Error_Handler
                0x08000b48        0xc ./Core/Src/main.o
                0x08000b48                Error_Handler
 .text.HAL_MspInit
                0x08000b54       0x50 ./Core/Src/stm32f4xx_hal_msp.o
                0x08000b54                HAL_MspInit
 .text.HAL_DAC_MspInit
                0x08000ba4       0xf0 ./Core/Src/stm32f4xx_hal_msp.o
                0x08000ba4                HAL_DAC_MspInit
 .text.HAL_I2S_MspInit
                0x08000c94      0x1ec ./Core/Src/stm32f4xx_hal_msp.o
                0x08000c94                HAL_I2S_MspInit
 .text.NMI_Handler
                0x08000e80        0x8 ./Core/Src/stm32f4xx_it.o
                0x08000e80                NMI_Handler
 .text.HardFault_Handler
                0x08000e88        0x8 ./Core/Src/stm32f4xx_it.o
                0x08000e88                HardFault_Handler
 .text.MemManage_Handler
                0x08000e90        0x8 ./Core/Src/stm32f4xx_it.o
                0x08000e90                MemManage_Handler
 .text.BusFault_Handler
                0x08000e98        0x8 ./Core/Src/stm32f4xx_it.o
                0x08000e98                BusFault_Handler
 .text.UsageFault_Handler
                0x08000ea0        0x8 ./Core/Src/stm32f4xx_it.o
                0x08000ea0                UsageFault_Handler
 .text.SVC_Handler
                0x08000ea8        0xe ./Core/Src/stm32f4xx_it.o
                0x08000ea8                SVC_Handler
 .text.DebugMon_Handler
                0x08000eb6        0xe ./Core/Src/stm32f4xx_it.o
                0x08000eb6                DebugMon_Handler
 .text.PendSV_Handler
                0x08000ec4        0xe ./Core/Src/stm32f4xx_it.o
                0x08000ec4                PendSV_Handler
 .text.SysTick_Handler
                0x08000ed2        0xc ./Core/Src/stm32f4xx_it.o
                0x08000ed2                SysTick_Handler
 *fill*         0x08000ede        0x2 
 .text.DMA1_Stream3_IRQHandler
                0x08000ee0       0x14 ./Core/Src/stm32f4xx_it.o
                0x08000ee0                DMA1_Stream3_IRQHandler
 .text.DMA1_Stream4_IRQHandler
                0x08000ef4       0x14 ./Core/Src/stm32f4xx_it.o
                0x08000ef4                DMA1_Stream4_IRQHandler
 .text.DMA1_Stream5_IRQHandler
                0x08000f08       0x14 ./Core/Src/stm32f4xx_it.o
                0x08000f08                DMA1_Stream5_IRQHandler
 .text.SystemInit
                0x08000f1c       0x24 ./Core/Src/system_stm32f4xx.o
                0x08000f1c                SystemInit
 .text.Reset_Handler
                0x08000f40       0x50 ./Core/Startup/startup_stm32f407vgtx.o
                0x08000f40                Reset_Handler
 .text.Default_Handler
                0x08000f90        0x2 ./Core/Startup/startup_stm32f407vgtx.o
                0x08000f90                RTC_Alarm_IRQHandler
                0x08000f90                HASH_RNG_IRQHandler
                0x08000f90                EXTI2_IRQHandler
                0x08000f90                TIM8_CC_IRQHandler
                0x08000f90                TIM1_CC_IRQHandler
                0x08000f90                DMA2_Stream5_IRQHandler
                0x08000f90                PVD_IRQHandler
                0x08000f90                SDIO_IRQHandler
                0x08000f90                TAMP_STAMP_IRQHandler
                0x08000f90                CAN2_RX1_IRQHandler
                0x08000f90                EXTI3_IRQHandler
                0x08000f90                TIM8_TRG_COM_TIM14_IRQHandler
                0x08000f90                TIM1_UP_TIM10_IRQHandler
                0x08000f90                TIM8_UP_TIM13_IRQHandler
                0x08000f90                I2C3_ER_IRQHandler
                0x08000f90                EXTI0_IRQHandler
                0x08000f90                I2C2_EV_IRQHandler
                0x08000f90                DMA1_Stream2_IRQHandler
                0x08000f90                CAN1_RX0_IRQHandler
                0x08000f90                FPU_IRQHandler
                0x08000f90                OTG_HS_WKUP_IRQHandler
                0x08000f90                CAN2_SCE_IRQHandler
                0x08000f90                DMA2_Stream2_IRQHandler
                0x08000f90                SPI1_IRQHandler
                0x08000f90                TIM6_DAC_IRQHandler
                0x08000f90                TIM1_BRK_TIM9_IRQHandler
                0x08000f90                DCMI_IRQHandler
                0x08000f90                CAN2_RX0_IRQHandler
                0x08000f90                DMA2_Stream3_IRQHandler
                0x08000f90                USART6_IRQHandler
                0x08000f90                USART3_IRQHandler
                0x08000f90                CAN1_RX1_IRQHandler
                0x08000f90                UART5_IRQHandler
                0x08000f90                DMA2_Stream0_IRQHandler
                0x08000f90                TIM4_IRQHandler
                0x08000f90                I2C1_EV_IRQHandler
                0x08000f90                DMA1_Stream6_IRQHandler
                0x08000f90                DMA1_Stream1_IRQHandler
                0x08000f90                UART4_IRQHandler
                0x08000f90                TIM3_IRQHandler
                0x08000f90                RCC_IRQHandler
                0x08000f90                TIM8_BRK_TIM12_IRQHandler
                0x08000f90                Default_Handler
                0x08000f90                EXTI15_10_IRQHandler
                0x08000f90                ADC_IRQHandler
                0x08000f90                DMA1_Stream7_IRQHandler
                0x08000f90                TIM7_IRQHandler
                0x08000f90                CAN2_TX_IRQHandler
                0x08000f90                TIM5_IRQHandler
                0x08000f90                DMA2_Stream7_IRQHandler
                0x08000f90                I2C3_EV_IRQHandler
                0x08000f90                EXTI9_5_IRQHandler
                0x08000f90                RTC_WKUP_IRQHandler
                0x08000f90                ETH_WKUP_IRQHandler
                0x08000f90                SPI2_IRQHandler
                0x08000f90                OTG_HS_EP1_IN_IRQHandler
                0x08000f90                DMA1_Stream0_IRQHandler
                0x08000f90                CAN1_TX_IRQHandler
                0x08000f90                EXTI4_IRQHandler
                0x08000f90                FSMC_IRQHandler
                0x08000f90                ETH_IRQHandler
                0x08000f90                OTG_HS_EP1_OUT_IRQHandler
                0x08000f90                WWDG_IRQHandler
                0x08000f90                TIM2_IRQHandler
                0x08000f90                OTG_FS_WKUP_IRQHandler
                0x08000f90                TIM1_TRG_COM_TIM11_IRQHandler
                0x08000f90                OTG_HS_IRQHandler
                0x08000f90                EXTI1_IRQHandler
                0x08000f90                USART2_IRQHandler
                0x08000f90                I2C2_ER_IRQHandler
                0x08000f90                DMA2_Stream1_IRQHandler
                0x08000f90                CAN1_SCE_IRQHandler
                0x08000f90                FLASH_IRQHandler
                0x08000f90                DMA2_Stream4_IRQHandler
                0x08000f90                USART1_IRQHandler
                0x08000f90                OTG_FS_IRQHandler
                0x08000f90                SPI3_IRQHandler
                0x08000f90                I2C1_ER_IRQHandler
                0x08000f90                DMA2_Stream6_IRQHandler
 *fill*         0x08000f92        0x2 
 .text.HAL_Init
                0x08000f94       0x44 ./Drivers/STM32F4xx_HAL_Driver/Src/stm32f4xx_hal.o
                0x08000f94                HAL_Init
 .text.HAL_InitTick
                0x08000fd8       0x60 ./Drivers/STM32F4xx_HAL_Driver/Src/stm32f4xx_hal.o
                0x08000fd8                HAL_InitTick
 .text.HAL_IncTick
                0x08001038       0x28 ./Drivers/STM32F4xx_HAL_Driver/Src/stm32f4xx_hal.o
                0x08001038                HAL_IncTick
 .text.HAL_GetTick
                0x08001060       0x18 ./Drivers/STM32F4xx_HAL_Driver/Src/stm32f4xx_hal.o
                0x08001060                HAL_GetTick
 .text.__NVIC_SetPriorityGrouping
                0x08001078       0x48 ./Drivers/STM32F4xx_HAL_Driver/Src/stm32f4xx_hal_cortex.o
 .text.__NVIC_GetPriorityGrouping
                0x080010c0       0x1c ./Drivers/STM32F4xx_HAL_Driver/Src/stm32f4xx_hal_cortex.o
 .text.__NVIC_EnableIRQ
                0x080010dc       0x3c ./Drivers/STM32F4xx_HAL_Driver/Src/stm32f4xx_hal_cortex.o
 .text.__NVIC_SetPriority
                0x08001118       0x54 ./Drivers/STM32F4xx_HAL_Driver/Src/stm32f4xx_hal_cortex.o
 .text.NVIC_EncodePriority
                0x0800116c       0x66 ./Drivers/STM32F4xx_HAL_Driver/Src/stm32f4xx_hal_cortex.o
 *fill*         0x080011d2        0x2 
 .text.SysTick_Config
                0x080011d4       0x44 ./Drivers/STM32F4xx_HAL_Driver/Src/stm32f4xx_hal_cortex.o
 .text.HAL_NVIC_SetPriorityGrouping
                0x08001218       0x16 ./Drivers/STM32F4xx_HAL_Driver/Src/stm32f4xx_hal_cortex.o
                0x08001218                HAL_NVIC_SetPriorityGrouping
 .text.HAL_NVIC_SetPriority
                0x0800122e       0x38 ./Drivers/STM32F4xx_HAL_Driver/Src/stm32f4xx_hal_cortex.o
                0x0800122e                HAL_NVIC_SetPriority
 .text.HAL_NVIC_EnableIRQ
                0x08001266       0x1c ./Drivers/STM32F4xx_HAL_Driver/Src/stm32f4xx_hal_cortex.o
                0x08001266                HAL_NVIC_EnableIRQ
 .text.HAL_SYSTICK_Config
                0x08001282       0x18 ./Drivers/STM32F4xx_HAL_Driver/Src/stm32f4xx_hal_cortex.o
                0x08001282                HAL_SYSTICK_Config
 .text.HAL_DAC_Init
                0x0800129a       0x44 ./Drivers/STM32F4xx_HAL_Driver/Src/stm32f4xx_hal_dac.o
                0x0800129a                HAL_DAC_Init
 .text.HAL_DAC_ConfigChannel
                0x080012de       0xb2 ./Drivers/STM32F4xx_HAL_Driver/Src/stm32f4xx_hal_dac.o
                0x080012de                HAL_DAC_ConfigChannel
 .text.HAL_DMA_Init
                0x08001390      0x15c ./Drivers/STM32F4xx_HAL_Driver/Src/stm32f4xx_hal_dma.o
                0x08001390                HAL_DMA_Init
 .text.HAL_DMA_Start_IT
                0x080014ec       0xb0 ./Drivers/STM32F4xx_HAL_Driver/Src/stm32f4xx_hal_dma.o
                0x080014ec                HAL_DMA_Start_IT
 .text.HAL_DMA_IRQHandler
                0x0800159c      0x314 ./Drivers/STM32F4xx_HAL_Driver/Src/stm32f4xx_hal_dma.o
                0x0800159c                HAL_DMA_IRQHandler
 .text.DMA_SetConfig
                0x080018b0       0x5c ./Drivers/STM32F4xx_HAL_Driver/Src/stm32f4xx_hal_dma.o
 .text.DMA_CalcBaseAndBitshift
                0x0800190c       0x6c ./Drivers/STM32F4xx_HAL_Driver/Src/stm32f4xx_hal_dma.o
 .text.DMA_CheckFifoParam
                0x08001978       0xf8 ./Drivers/STM32F4xx_HAL_Driver/Src/stm32f4xx_hal_dma.o
 .text.HAL_GPIO_Init
                0x08001a70      0x338 ./Drivers/STM32F4xx_HAL_Driver/Src/stm32f4xx_hal_gpio.o
                0x08001a70                HAL_GPIO_Init
 .text.HAL_I2S_Init
                0x08001da8      0x280 ./Drivers/STM32F4xx_HAL_Driver/Src/stm32f4xx_hal_i2s.o
                0x08001da8                HAL_I2S_Init
 .text.HAL_I2S_TxCpltCallback
                0x08002028       0x14 ./Drivers/STM32F4xx_HAL_Driver/Src/stm32f4xx_hal_i2s.o
                0x08002028                HAL_I2S_TxCpltCallback
 .text.HAL_I2S_RxCpltCallback
                0x0800203c       0x14 ./Drivers/STM32F4xx_HAL_Driver/Src/stm32f4xx_hal_i2s.o
                0x0800203c                HAL_I2S_RxCpltCallback
 .text.HAL_I2S_ErrorCallback
                0x08002050       0x14 ./Drivers/STM32F4xx_HAL_Driver/Src/stm32f4xx_hal_i2s.o
                0x08002050                HAL_I2S_ErrorCallback
 .text.I2S_Transmit_IT
                0x08002064       0x5c ./Drivers/STM32F4xx_HAL_Driver/Src/stm32f4xx_hal_i2s.o
 .text.I2S_Receive_IT
                0x080020c0       0x5e ./Drivers/STM32F4xx_HAL_Driver/Src/stm32f4xx_hal_i2s.o
 .text.I2S_IRQHandler
                0x0800211e      0x114 ./Drivers/STM32F4xx_HAL_Driver/Src/stm32f4xx_hal_i2s.o
 *fill*         0x08002232        0x2 
 .text.HAL_I2SEx_TransmitReceive_DMA
                0x08002234      0x2cc ./Drivers/STM32F4xx_HAL_Driver/Src/stm32f4xx_hal_i2s_ex.o
                0x08002234                HAL_I2SEx_TransmitReceive_DMA
 .text.HAL_I2SEx_FullDuplex_IRQHandler
                0x08002500      0x2a8 ./Drivers/STM32F4xx_HAL_Driver/Src/stm32f4xx_hal_i2s_ex.o
                0x08002500                HAL_I2SEx_FullDuplex_IRQHandler
 .text.I2SEx_TxRxDMAHalfCplt
                0x080027a8       0x1c ./Drivers/STM32F4xx_HAL_Driver/Src/stm32f4xx_hal_i2s_ex.o
 .text.I2SEx_TxRxDMACplt
                0x080027c4       0xd8 ./Drivers/STM32F4xx_HAL_Driver/Src/stm32f4xx_hal_i2s_ex.o
 .text.I2SEx_TxRxDMAError
                0x0800289c       0x80 ./Drivers/STM32F4xx_HAL_Driver/Src/stm32f4xx_hal_i2s_ex.o
 .text.I2SEx_TxISR_I2S
                0x0800291c       0x62 ./Drivers/STM32F4xx_HAL_Driver/Src/stm32f4xx_hal_i2s_ex.o
 *fill*         0x0800297e        0x2 
 .text.I2SEx_TxISR_I2SExt
                0x08002980       0x98 ./Drivers/STM32F4xx_HAL_Driver/Src/stm32f4xx_hal_i2s_ex.o
 .text.I2SEx_RxISR_I2S
                0x08002a18       0x64 ./Drivers/STM32F4xx_HAL_Driver/Src/stm32f4xx_hal_i2s_ex.o
 .text.I2SEx_RxISR_I2SExt
                0x08002a7c       0x98 ./Drivers/STM32F4xx_HAL_Driver/Src/stm32f4xx_hal_i2s_ex.o
 .text.HAL_RCC_OscConfig
                0x08002b14      0x4f0 ./Drivers/STM32F4xx_HAL_Driver/Src/stm32f4xx_hal_rcc.o
                0x08002b14                HAL_RCC_OscConfig
 .text.HAL_RCC_ClockConfig
                0x08003004      0x1cc ./Drivers/STM32F4xx_HAL_Driver/Src/stm32f4xx_hal_rcc.o
                0x08003004                HAL_RCC_ClockConfig
 .text.HAL_RCC_GetSysClockFreq
                0x080031d0      0x20c ./Drivers/STM32F4xx_HAL_Driver/Src/stm32f4xx_hal_rcc.o
                0x080031d0                HAL_RCC_GetSysClockFreq
 .text.HAL_RCCEx_PeriphCLKConfig
                0x080033dc      0x1c4 ./Drivers/STM32F4xx_HAL_Driver/Src/stm32f4xx_hal_rcc_ex.o
                0x080033dc                HAL_RCCEx_PeriphCLKConfig
 .text.HAL_RCCEx_GetPeriphCLKFreq
                0x080035a0       0xc0 ./Drivers/STM32F4xx_HAL_Driver/Src/stm32f4xx_hal_rcc_ex.o
                0x080035a0                HAL_RCCEx_GetPeriphCLKFreq
 .text.memset   0x08003660       0x10 C:/ST/STM32CubeIDE_1.19.0/STM32CubeIDE/plugins/com.st.stm32cube.ide.mcu.externaltools.gnu-tools-for-stm32.13.3.rel1.win32_1.0.0.202411081344/tools/bin/../lib/gcc/arm-none-eabi/13.3.1/../../../../arm-none-eabi/lib/thumb/v7e-m+fp/hard\libc_nano.a(libc_a-memset.o)
                0x08003660                memset
 .text.__libc_init_array
                0x08003670       0x48 C:/ST/STM32CubeIDE_1.19.0/STM32CubeIDE/plugins/com.st.stm32cube.ide.mcu.externaltools.gnu-tools-for-stm32.13.3.rel1.win32_1.0.0.202411081344/tools/bin/../lib/gcc/arm-none-eabi/13.3.1/../../../../arm-none-eabi/lib/thumb/v7e-m+fp/hard\libc_nano.a(libc_a-init.o)
                0x08003670                __libc_init_array
 *(.glue_7)
 .glue_7        0x080036b8        0x0 linker stubs
 *(.glue_7t)
 .glue_7t       0x080036b8        0x0 linker stubs
 *(.eh_frame)
 .eh_frame      0x080036b8        0x0 C:/ST/STM32CubeIDE_1.19.0/STM32CubeIDE/plugins/com.st.stm32cube.ide.mcu.externaltools.gnu-tools-for-stm32.13.3.rel1.win32_1.0.0.202411081344/tools/bin/../lib/gcc/arm-none-eabi/13.3.1/thumb/v7e-m+fp/hard/crtbegin.o
 *(.init)
 .init          0x080036b8        0x4 C:/ST/STM32CubeIDE_1.19.0/STM32CubeIDE/plugins/com.st.stm32cube.ide.mcu.externaltools.gnu-tools-for-stm32.13.3.rel1.win32_1.0.0.202411081344/tools/bin/../lib/gcc/arm-none-eabi/13.3.1/thumb/v7e-m+fp/hard/crti.o
                0x080036b8                _init
 .init          0x080036bc        0x8 C:/ST/STM32CubeIDE_1.19.0/STM32CubeIDE/plugins/com.st.stm32cube.ide.mcu.externaltools.gnu-tools-for-stm32.13.3.rel1.win32_1.0.0.202411081344/tools/bin/../lib/gcc/arm-none-eabi/13.3.1/thumb/v7e-m+fp/hard/crtn.o
 *(.fini)
 .fini          0x080036c4        0x4 C:/ST/STM32CubeIDE_1.19.0/STM32CubeIDE/plugins/com.st.stm32cube.ide.mcu.externaltools.gnu-tools-for-stm32.13.3.rel1.win32_1.0.0.202411081344/tools/bin/../lib/gcc/arm-none-eabi/13.3.1/thumb/v7e-m+fp/hard/crti.o
                0x080036c4                _fini
 .fini          0x080036c8        0x8 C:/ST/STM32CubeIDE_1.19.0/STM32CubeIDE/plugins/com.st.stm32cube.ide.mcu.externaltools.gnu-tools-for-stm32.13.3.rel1.win32_1.0.0.202411081344/tools/bin/../lib/gcc/arm-none-eabi/13.3.1/thumb/v7e-m+fp/hard/crtn.o
                0x080036d0                        . = ALIGN (0x4)
                0x080036d0                        _etext = .

.vfp11_veneer   0x080036d0        0x0
 .vfp11_veneer  0x080036d0        0x0 linker stubs

.v4_bx          0x080036d0        0x0
 .v4_bx         0x080036d0        0x0 linker stubs

.iplt           0x080036d0        0x0
 .iplt          0x080036d0        0x0 C:/ST/STM32CubeIDE_1.19.0/STM32CubeIDE/plugins/com.st.stm32cube.ide.mcu.externaltools.gnu-tools-for-stm32.13.3.rel1.win32_1.0.0.202411081344/tools/bin/../lib/gcc/arm-none-eabi/13.3.1/thumb/v7e-m+fp/hard/crtbegin.o

.rodata         0x080036d0       0x18
                0x080036d0                        . = ALIGN (0x4)
 *(.rodata)
 *(.rodata*)
 .rodata.AHBPrescTable
                0x080036d0       0x10 ./Core/Src/system_stm32f4xx.o
                0x080036d0                AHBPrescTable
 .rodata.flagBitshiftOffset.0
                0x080036e0        0x8 ./Drivers/STM32F4xx_HAL_Driver/Src/stm32f4xx_hal_dma.o
                0x080036e8                        . = ALIGN (0x4)

.ARM.extab      0x080036e8        0x0
                0x080036e8                        . = ALIGN (0x4)
 *(.ARM.extab* .gnu.linkonce.armextab.*)
                0x080036e8                        . = ALIGN (0x4)

.ARM            0x080036e8        0x8
                0x080036e8                        . = ALIGN (0x4)
                0x080036e8                        __exidx_start = .
 *(.ARM.exidx*)
 .ARM.exidx     0x080036e8        0x8 C:/ST/STM32CubeIDE_1.19.0/STM32CubeIDE/plugins/com.st.stm32cube.ide.mcu.externaltools.gnu-tools-for-stm32.13.3.rel1.win32_1.0.0.202411081344/tools/bin/../lib/gcc/arm-none-eabi/13.3.1/thumb/v7e-m+fp/hard\libgcc.a(_udivmoddi4.o)
                0x080036f0                        __exidx_end = .
                0x080036f0                        . = ALIGN (0x4)

.preinit_array  0x080036f0        0x0
                0x080036f0                        . = ALIGN (0x4)
                0x080036f0                        PROVIDE (__preinit_array_start = .)
 *(.preinit_array*)
                0x080036f0                        PROVIDE (__preinit_array_end = .)
                0x080036f0                        . = ALIGN (0x4)

.init_array     0x080036f0        0x4
                0x080036f0                        . = ALIGN (0x4)
                0x080036f0                        PROVIDE (__init_array_start = .)
 *(SORT_BY_NAME(.init_array.*))
 *(.init_array*)
 .init_array    0x080036f0        0x4 C:/ST/STM32CubeIDE_1.19.0/STM32CubeIDE/plugins/com.st.stm32cube.ide.mcu.externaltools.gnu-tools-for-stm32.13.3.rel1.win32_1.0.0.202411081344/tools/bin/../lib/gcc/arm-none-eabi/13.3.1/thumb/v7e-m+fp/hard/crtbegin.o
                0x080036f4                        PROVIDE (__init_array_end = .)
                0x080036f4                        . = ALIGN (0x4)

.fini_array     0x080036f4        0x4
                0x080036f4                        . = ALIGN (0x4)
                [!provide]                        PROVIDE (__fini_array_start = .)
 *(SORT_BY_NAME(.fini_array.*))
 *(.fini_array*)
 .fini_array    0x080036f4        0x4 C:/ST/STM32CubeIDE_1.19.0/STM32CubeIDE/plugins/com.st.stm32cube.ide.mcu.externaltools.gnu-tools-for-stm32.13.3.rel1.win32_1.0.0.202411081344/tools/bin/../lib/gcc/arm-none-eabi/13.3.1/thumb/v7e-m+fp/hard/crtbegin.o
                [!provide]                        PROVIDE (__fini_array_end = .)
                0x080036f8                        . = ALIGN (0x4)
                0x080036f8                        _sidata = LOADADDR (.data)

.rel.dyn        0x080036f8        0x0
 .rel.iplt      0x080036f8        0x0 C:/ST/STM32CubeIDE_1.19.0/STM32CubeIDE/plugins/com.st.stm32cube.ide.mcu.externaltools.gnu-tools-for-stm32.13.3.rel1.win32_1.0.0.202411081344/tools/bin/../lib/gcc/arm-none-eabi/13.3.1/thumb/v7e-m+fp/hard/crtbegin.o

.data           0x20000000        0xc load address 0x080036f8
                0x20000000                        . = ALIGN (0x4)
                0x20000000                        _sdata = .
 *(.data)
 *(.data*)
 .data.SystemCoreClock
                0x20000000        0x4 ./Core/Src/system_stm32f4xx.o
                0x20000000                SystemCoreClock
 .data.uwTickPrio
                0x20000004        0x4 ./Drivers/STM32F4xx_HAL_Driver/Src/stm32f4xx_hal.o
                0x20000004                uwTickPrio
 .data.uwTickFreq
                0x20000008        0x1 ./Drivers/STM32F4xx_HAL_Driver/Src/stm32f4xx_hal.o
                0x20000008                uwTickFreq
 *(.RamFunc)
 *(.RamFunc*)
                0x2000000c                        . = ALIGN (0x4)
 *fill*         0x20000009        0x3 
                0x2000000c                        _edata = .
                0x08003704                        _siccmram = LOADADDR (.ccmram)

.igot.plt       0x2000000c        0x0 load address 0x08003704
 .igot.plt      0x2000000c        0x0 C:/ST/STM32CubeIDE_1.19.0/STM32CubeIDE/plugins/com.st.stm32cube.ide.mcu.externaltools.gnu-tools-for-stm32.13.3.rel1.win32_1.0.0.202411081344/tools/bin/../lib/gcc/arm-none-eabi/13.3.1/thumb/v7e-m+fp/hard/crtbegin.o

.ccmram         0x10000000        0x0 load address 0x08003704
                0x10000000                        . = ALIGN (0x4)
                0x10000000                        _sccmram = .
 *(.ccmram)
 *(.ccmram*)
                0x10000000                        . = ALIGN (0x4)
                0x10000000                        _eccmram = .
                0x10000000                        . = ALIGN (0x4)

.bss            0x2000000c      0x1e4
                0x2000000c                        _sbss = .
                0x2000000c                        __bss_start__ = _sbss
 *(.bss)
 .bss           0x2000000c       0x1c C:/ST/STM32CubeIDE_1.19.0/STM32CubeIDE/plugins/com.st.stm32cube.ide.mcu.externaltools.gnu-tools-for-stm32.13.3.rel1.win32_1.0.0.202411081344/tools/bin/../lib/gcc/arm-none-eabi/13.3.1/thumb/v7e-m+fp/hard/crtbegin.o
 *(.bss*)
 .bss.hdac      0x20000028       0x14 ./Core/Src/main.o
                0x20000028                hdac
 .bss.hdma_dac1
                0x2000003c       0x60 ./Core/Src/main.o
                0x2000003c                hdma_dac1
 .bss.hi2s2     0x2000009c       0x48 ./Core/Src/main.o
                0x2000009c                hi2s2
 .bss.hdma_i2s2_ext_rx
                0x200000e4       0x60 ./Core/Src/main.o
                0x200000e4                hdma_i2s2_ext_rx
 .bss.hdma_spi2_tx
                0x20000144       0x60 ./Core/Src/main.o
                0x20000144                hdma_spi2_tx
 .bss.State     0x200001a4        0x1 ./Core/Src/main.o
                0x200001a4                State
 *fill*         0x200001a5        0x3 
 .bss.Attack    0x200001a8        0x4 ./Core/Src/main.o
                0x200001a8                Attack
 .bss.Release   0x200001ac        0x4 ./Core/Src/main.o
                0x200001ac                Release
 .bss.Hold      0x200001b0        0x4 ./Core/Src/main.o
                0x200001b0                Hold
 .bss.TimeOut   0x200001b4        0x4 ./Core/Src/main.o
                0x200001b4                TimeOut
 .bss.gainreduce
                0x200001b8        0x4 ./Core/Src/main.o
                0x200001b8                gainreduce
 .bss.gain_step_attack
                0x200001bc        0x4 ./Core/Src/main.o
                0x200001bc                gain_step_attack
 .bss.gain_step_release
                0x200001c0        0x4 ./Core/Src/main.o
                0x200001c0                gain_step_release
 .bss.gain      0x200001c4        0x4 ./Core/Src/main.o
                0x200001c4                gain
 .bss.threshold
                0x200001c8        0x4 ./Core/Src/main.o
                0x200001c8                threshold
 .bss.rxBuf     0x200001cc       0x10 ./Core/Src/main.o
                0x200001cc                rxBuf
 .bss.txBuf     0x200001dc       0x10 ./Core/Src/main.o
                0x200001dc                txBuf
 .bss.uwTick    0x200001ec        0x4 ./Drivers/STM32F4xx_HAL_Driver/Src/stm32f4xx_hal.o
                0x200001ec                uwTick
 *(COMMON)
                0x200001f0                        . = ALIGN (0x4)
                0x200001f0                        _ebss = .
                0x200001f0                        __bss_end__ = _ebss

._user_heap_stack
                0x200001f0      0x600
                0x200001f0                        . = ALIGN (0x8)
                [!provide]                        PROVIDE (end = .)
                0x200001f0                        PROVIDE (_end = .)
                0x200003f0                        . = (. + _Min_Heap_Size)
 *fill*         0x200001f0      0x200 
                0x200007f0                        . = (. + _Min_Stack_Size)
 *fill*         0x200003f0      0x400 
                0x200007f0                        . = ALIGN (0x8)

/DISCARD/
 libc.a(*)
 libm.a(*)
 libgcc.a(*)

.ARM.attributes
                0x00000000       0x30
 *(.ARM.attributes)
 .ARM.attributes
                0x00000000       0x22 C:/ST/STM32CubeIDE_1.19.0/STM32CubeIDE/plugins/com.st.stm32cube.ide.mcu.externaltools.gnu-tools-for-stm32.13.3.rel1.win32_1.0.0.202411081344/tools/bin/../lib/gcc/arm-none-eabi/13.3.1/thumb/v7e-m+fp/hard/crti.o
 .ARM.attributes
                0x00000022       0x34 C:/ST/STM32CubeIDE_1.19.0/STM32CubeIDE/plugins/com.st.stm32cube.ide.mcu.externaltools.gnu-tools-for-stm32.13.3.rel1.win32_1.0.0.202411081344/tools/bin/../lib/gcc/arm-none-eabi/13.3.1/thumb/v7e-m+fp/hard/crtbegin.o
 .ARM.attributes
                0x00000056       0x34 ./Core/Src/main.o
 .ARM.attributes
                0x0000008a       0x34 ./Core/Src/stm32f4xx_hal_msp.o
 .ARM.attributes
                0x000000be       0x34 ./Core/Src/stm32f4xx_it.o
 .ARM.attributes
                0x000000f2       0x34 ./Core/Src/system_stm32f4xx.o
 .ARM.attributes
                0x00000126       0x21 ./Core/Startup/startup_stm32f407vgtx.o
 .ARM.attributes
                0x00000147       0x34 ./Drivers/STM32F4xx_HAL_Driver/Src/stm32f4xx_hal.o
 .ARM.attributes
                0x0000017b       0x34 ./Drivers/STM32F4xx_HAL_Driver/Src/stm32f4xx_hal_cortex.o
 .ARM.attributes
                0x000001af       0x34 ./Drivers/STM32F4xx_HAL_Driver/Src/stm32f4xx_hal_dac.o
 .ARM.attributes
                0x000001e3       0x34 ./Drivers/STM32F4xx_HAL_Driver/Src/stm32f4xx_hal_dma.o
 .ARM.attributes
                0x00000217       0x34 ./Drivers/STM32F4xx_HAL_Driver/Src/stm32f4xx_hal_gpio.o
 .ARM.attributes
                0x0000024b       0x34 ./Drivers/STM32F4xx_HAL_Driver/Src/stm32f4xx_hal_i2s.o
 .ARM.attributes
                0x0000027f       0x34 ./Drivers/STM32F4xx_HAL_Driver/Src/stm32f4xx_hal_i2s_ex.o
 .ARM.attributes
                0x000002b3       0x34 ./Drivers/STM32F4xx_HAL_Driver/Src/stm32f4xx_hal_rcc.o
 .ARM.attributes
                0x000002e7       0x34 ./Drivers/STM32F4xx_HAL_Driver/Src/stm32f4xx_hal_rcc_ex.o
 .ARM.attributes
                0x0000031b       0x34 C:/ST/STM32CubeIDE_1.19.0/STM32CubeIDE/plugins/com.st.stm32cube.ide.mcu.externaltools.gnu-tools-for-stm32.13.3.rel1.win32_1.0.0.202411081344/tools/bin/../lib/gcc/arm-none-eabi/13.3.1/../../../../arm-none-eabi/lib/thumb/v7e-m+fp/hard\libc_nano.a(libc_a-memset.o)
 .ARM.attributes
                0x0000034f       0x34 C:/ST/STM32CubeIDE_1.19.0/STM32CubeIDE/plugins/com.st.stm32cube.ide.mcu.externaltools.gnu-tools-for-stm32.13.3.rel1.win32_1.0.0.202411081344/tools/bin/../lib/gcc/arm-none-eabi/13.3.1/../../../../arm-none-eabi/lib/thumb/v7e-m+fp/hard\libc_nano.a(libc_a-init.o)
 .ARM.attributes
                0x00000383       0x22 C:/ST/STM32CubeIDE_1.19.0/STM32CubeIDE/plugins/com.st.stm32cube.ide.mcu.externaltools.gnu-tools-for-stm32.13.3.rel1.win32_1.0.0.202411081344/tools/bin/../lib/gcc/arm-none-eabi/13.3.1/thumb/v7e-m+fp/hard\libgcc.a(_aeabi_uldivmod.o)
 .ARM.attributes
                0x000003a5       0x34 C:/ST/STM32CubeIDE_1.19.0/STM32CubeIDE/plugins/com.st.stm32cube.ide.mcu.externaltools.gnu-tools-for-stm32.13.3.rel1.win32_1.0.0.202411081344/tools/bin/../lib/gcc/arm-none-eabi/13.3.1/thumb/v7e-m+fp/hard\libgcc.a(_udivmoddi4.o)
 .ARM.attributes
                0x000003d9       0x22 C:/ST/STM32CubeIDE_1.19.0/STM32CubeIDE/plugins/com.st.stm32cube.ide.mcu.externaltools.gnu-tools-for-stm32.13.3.rel1.win32_1.0.0.202411081344/tools/bin/../lib/gcc/arm-none-eabi/13.3.1/thumb/v7e-m+fp/hard\libgcc.a(_dvmd_tls.o)
 .ARM.attributes
                0x000003fb       0x22 C:/ST/STM32CubeIDE_1.19.0/STM32CubeIDE/plugins/com.st.stm32cube.ide.mcu.externaltools.gnu-tools-for-stm32.13.3.rel1.win32_1.0.0.202411081344/tools/bin/../lib/gcc/arm-none-eabi/13.3.1/thumb/v7e-m+fp/hard/crtn.o
OUTPUT(007_Compressor.elf elf32-littlearm)
LOAD linker stubs
LOAD C:/ST/STM32CubeIDE_1.19.0/STM32CubeIDE/plugins/com.st.stm32cube.ide.mcu.externaltools.gnu-tools-for-stm32.13.3.rel1.win32_1.0.0.202411081344/tools/bin/../lib/gcc/arm-none-eabi/13.3.1/../../../../arm-none-eabi/lib/thumb/v7e-m+fp/hard\libc.a
LOAD C:/ST/STM32CubeIDE_1.19.0/STM32CubeIDE/plugins/com.st.stm32cube.ide.mcu.externaltools.gnu-tools-for-stm32.13.3.rel1.win32_1.0.0.202411081344/tools/bin/../lib/gcc/arm-none-eabi/13.3.1/../../../../arm-none-eabi/lib/thumb/v7e-m+fp/hard\libm.a
LOAD C:/ST/STM32CubeIDE_1.19.0/STM32CubeIDE/plugins/com.st.stm32cube.ide.mcu.externaltools.gnu-tools-for-stm32.13.3.rel1.win32_1.0.0.202411081344/tools/bin/../lib/gcc/arm-none-eabi/13.3.1/thumb/v7e-m+fp/hard\libgcc.a

.debug_info     0x00000000     0x7e04
 .debug_info    0x00000000     0x1132 ./Core/Src/main.o
 .debug_info    0x00001132      0xc91 ./Core/Src/stm32f4xx_hal_msp.o
 .debug_info    0x00001dc3      0x3db ./Core/Src/stm32f4xx_it.o
 .debug_info    0x0000219e      0x512 ./Core/Src/system_stm32f4xx.o
 .debug_info    0x000026b0       0x30 ./Core/Startup/startup_stm32f407vgtx.o
 .debug_info    0x000026e0      0x944 ./Drivers/STM32F4xx_HAL_Driver/Src/stm32f4xx_hal.o
 .debug_info    0x00003024      0xd8c ./Drivers/STM32F4xx_HAL_Driver/Src/stm32f4xx_hal_cortex.o
 .debug_info    0x00003db0      0xa01 ./Drivers/STM32F4xx_HAL_Driver/Src/stm32f4xx_hal_dac.o
 .debug_info    0x000047b1      0x8e7 ./Drivers/STM32F4xx_HAL_Driver/Src/stm32f4xx_hal_dma.o
 .debug_info    0x00005098      0x6c3 ./Drivers/STM32F4xx_HAL_Driver/Src/stm32f4xx_hal_gpio.o
 .debug_info    0x0000575b      0xe02 ./Drivers/STM32F4xx_HAL_Driver/Src/stm32f4xx_hal_i2s.o
 .debug_info    0x0000655d      0xaae ./Drivers/STM32F4xx_HAL_Driver/Src/stm32f4xx_hal_i2s_ex.o
 .debug_info    0x0000700b      0x8c3 ./Drivers/STM32F4xx_HAL_Driver/Src/stm32f4xx_hal_rcc.o
 .debug_info    0x000078ce      0x536 ./Drivers/STM32F4xx_HAL_Driver/Src/stm32f4xx_hal_rcc_ex.o

.debug_abbrev   0x00000000     0x1c75
 .debug_abbrev  0x00000000      0x30c ./Core/Src/main.o
 .debug_abbrev  0x0000030c      0x223 ./Core/Src/stm32f4xx_hal_msp.o
 .debug_abbrev  0x0000052f      0x16b ./Core/Src/stm32f4xx_it.o
 .debug_abbrev  0x0000069a      0x11a ./Core/Src/system_stm32f4xx.o
 .debug_abbrev  0x000007b4       0x24 ./Core/Startup/startup_stm32f407vgtx.o
 .debug_abbrev  0x000007d8      0x214 ./Drivers/STM32F4xx_HAL_Driver/Src/stm32f4xx_hal.o
 .debug_abbrev  0x000009ec      0x31d ./Drivers/STM32F4xx_HAL_Driver/Src/stm32f4xx_hal_cortex.o
 .debug_abbrev  0x00000d09      0x1fa ./Drivers/STM32F4xx_HAL_Driver/Src/stm32f4xx_hal_dac.o
 .debug_abbrev  0x00000f03      0x264 ./Drivers/STM32F4xx_HAL_Driver/Src/stm32f4xx_hal_dma.o
 .debug_abbrev  0x00001167      0x1d4 ./Drivers/STM32F4xx_HAL_Driver/Src/stm32f4xx_hal_gpio.o
 .debug_abbrev  0x0000133b      0x25d ./Drivers/STM32F4xx_HAL_Driver/Src/stm32f4xx_hal_i2s.o
 .debug_abbrev  0x00001598      0x276 ./Drivers/STM32F4xx_HAL_Driver/Src/stm32f4xx_hal_i2s_ex.o
 .debug_abbrev  0x0000180e      0x2b7 ./Drivers/STM32F4xx_HAL_Driver/Src/stm32f4xx_hal_rcc.o
 .debug_abbrev  0x00001ac5      0x1b0 ./Drivers/STM32F4xx_HAL_Driver/Src/stm32f4xx_hal_rcc_ex.o

.debug_aranges  0x00000000      0x798
 .debug_aranges
                0x00000000       0x68 ./Core/Src/main.o
 .debug_aranges
                0x00000068       0x40 ./Core/Src/stm32f4xx_hal_msp.o
 .debug_aranges
                0x000000a8       0x78 ./Core/Src/stm32f4xx_it.o
 .debug_aranges
                0x00000120       0x28 ./Core/Src/system_stm32f4xx.o
 .debug_aranges
                0x00000148       0x28 ./Core/Startup/startup_stm32f407vgtx.o
 .debug_aranges
                0x00000170       0xf0 ./Drivers/STM32F4xx_HAL_Driver/Src/stm32f4xx_hal.o
 .debug_aranges
                0x00000260      0x130 ./Drivers/STM32F4xx_HAL_Driver/Src/stm32f4xx_hal_cortex.o
 .debug_aranges
                0x00000390       0xc0 ./Drivers/STM32F4xx_HAL_Driver/Src/stm32f4xx_hal_dac.o
 .debug_aranges
                0x00000450       0x90 ./Drivers/STM32F4xx_HAL_Driver/Src/stm32f4xx_hal_dma.o
 .debug_aranges
                0x000004e0       0x58 ./Drivers/STM32F4xx_HAL_Driver/Src/stm32f4xx_hal_gpio.o
 .debug_aranges
                0x00000538      0x108 ./Drivers/STM32F4xx_HAL_Driver/Src/stm32f4xx_hal_i2s.o
 .debug_aranges
                0x00000640       0x88 ./Drivers/STM32F4xx_HAL_Driver/Src/stm32f4xx_hal_i2s_ex.o
 .debug_aranges
                0x000006c8       0x88 ./Drivers/STM32F4xx_HAL_Driver/Src/stm32f4xx_hal_rcc.o
 .debug_aranges
                0x00000750       0x48 ./Drivers/STM32F4xx_HAL_Driver/Src/stm32f4xx_hal_rcc_ex.o

.debug_rnglists
                0x00000000      0x5a1
 .debug_rnglists
                0x00000000       0x4d ./Core/Src/main.o
 .debug_rnglists
                0x0000004d       0x2d ./Core/Src/stm32f4xx_hal_msp.o
 .debug_rnglists
                0x0000007a       0x55 ./Core/Src/stm32f4xx_it.o
 .debug_rnglists
                0x000000cf       0x1a ./Core/Src/system_stm32f4xx.o
 .debug_rnglists
                0x000000e9       0x19 ./Core/Startup/startup_stm32f407vgtx.o
 .debug_rnglists
                0x00000102       0xaf ./Drivers/STM32F4xx_HAL_Driver/Src/stm32f4xx_hal.o
 .debug_rnglists
                0x000001b1       0xe0 ./Drivers/STM32F4xx_HAL_Driver/Src/stm32f4xx_hal_cortex.o
 .debug_rnglists
                0x00000291       0x90 ./Drivers/STM32F4xx_HAL_Driver/Src/stm32f4xx_hal_dac.o
 .debug_rnglists
                0x00000321       0x70 ./Drivers/STM32F4xx_HAL_Driver/Src/stm32f4xx_hal_dma.o
 .debug_rnglists
                0x00000391       0x3f ./Drivers/STM32F4xx_HAL_Driver/Src/stm32f4xx_hal_gpio.o
 .debug_rnglists
                0x000003d0       0xcc ./Drivers/STM32F4xx_HAL_Driver/Src/stm32f4xx_hal_i2s.o
 .debug_rnglists
                0x0000049c       0x6a ./Drivers/STM32F4xx_HAL_Driver/Src/stm32f4xx_hal_i2s_ex.o
 .debug_rnglists
                0x00000506       0x66 ./Drivers/STM32F4xx_HAL_Driver/Src/stm32f4xx_hal_rcc.o
 .debug_rnglists
                0x0000056c       0x35 ./Drivers/STM32F4xx_HAL_Driver/Src/stm32f4xx_hal_rcc_ex.o

.debug_macro    0x00000000    0x20a43
 .debug_macro   0x00000000      0x2e9 ./Core/Src/main.o
 .debug_macro   0x000002e9      0xad8 ./Core/Src/main.o
 .debug_macro   0x00000dc1      0x29b ./Core/Src/main.o
 .debug_macro   0x0000105c       0x2e ./Core/Src/main.o
 .debug_macro   0x0000108a       0x2f ./Core/Src/main.o
 .debug_macro   0x000010b9       0x22 ./Core/Src/main.o
 .debug_macro   0x000010db       0x8e ./Core/Src/main.o
 .debug_macro   0x00001169       0x51 ./Core/Src/main.o
 .debug_macro   0x000011ba      0x103 ./Core/Src/main.o
 .debug_macro   0x000012bd       0x6a ./Core/Src/main.o
 .debug_macro   0x00001327      0x1df ./Core/Src/main.o
 .debug_macro   0x00001506       0x1c ./Core/Src/main.o
 .debug_macro   0x00001522       0x22 ./Core/Src/main.o
 .debug_macro   0x00001544       0xfb ./Core/Src/main.o
 .debug_macro   0x0000163f     0x1011 ./Core/Src/main.o
 .debug_macro   0x00002650      0x11f ./Core/Src/main.o
 .debug_macro   0x0000276f    0x15ea5 ./Core/Src/main.o
 .debug_macro   0x00018614       0x6d ./Core/Src/main.o
 .debug_macro   0x00018681     0x3693 ./Core/Src/main.o
 .debug_macro   0x0001bd14      0x190 ./Core/Src/main.o
 .debug_macro   0x0001bea4       0x5c ./Core/Src/main.o
 .debug_macro   0x0001bf00      0x980 ./Core/Src/main.o
 .debug_macro   0x0001c880      0x9e9 ./Core/Src/main.o
 .debug_macro   0x0001d269      0x115 ./Core/Src/main.o
 .debug_macro   0x0001d37e      0x13e ./Core/Src/main.o
 .debug_macro   0x0001d4bc       0xa5 ./Core/Src/main.o
 .debug_macro   0x0001d561      0x174 ./Core/Src/main.o
 .debug_macro   0x0001d6d5      0x287 ./Core/Src/main.o
 .debug_macro   0x0001d95c       0x5f ./Core/Src/main.o
 .debug_macro   0x0001d9bb      0x236 ./Core/Src/main.o
 .debug_macro   0x0001dbf1      0x122 ./Core/Src/main.o
 .debug_macro   0x0001dd13       0xa6 ./Core/Src/main.o
 .debug_macro   0x0001ddb9      0x12c ./Core/Src/main.o
 .debug_macro   0x0001dee5      0x21e ./Core/Src/main.o
 .debug_macro   0x0001e103       0x2e ./Core/Src/main.o
 .debug_macro   0x0001e131      0x1a7 ./Core/Src/main.o
 .debug_macro   0x0001e2d8       0x46 ./Core/Src/main.o
 .debug_macro   0x0001e31e       0x4a ./Core/Src/main.o
 .debug_macro   0x0001e368      0x127 ./Core/Src/main.o
 .debug_macro   0x0001e48f       0x7e ./Core/Src/main.o
 .debug_macro   0x0001e50d       0x89 ./Core/Src/main.o
 .debug_macro   0x0001e596      0x12d ./Core/Src/main.o
 .debug_macro   0x0001e6c3       0x61 ./Core/Src/main.o
 .debug_macro   0x0001e724       0x2a ./Core/Src/main.o
 .debug_macro   0x0001e74e       0x43 ./Core/Src/main.o
 .debug_macro   0x0001e791       0x34 ./Core/Src/main.o
 .debug_macro   0x0001e7c5      0x370 ./Core/Src/main.o
 .debug_macro   0x0001eb35       0x16 ./Core/Src/main.o
 .debug_macro   0x0001eb4b       0x4a ./Core/Src/main.o
 .debug_macro   0x0001eb95       0x34 ./Core/Src/main.o
 .debug_macro   0x0001ebc9       0x10 ./Core/Src/main.o
 .debug_macro   0x0001ebd9       0x58 ./Core/Src/main.o
 .debug_macro   0x0001ec31       0x8e ./Core/Src/main.o
 .debug_macro   0x0001ecbf       0x1c ./Core/Src/main.o
 .debug_macro   0x0001ecdb      0x185 ./Core/Src/main.o
 .debug_macro   0x0001ee60       0x10 ./Core/Src/main.o
 .debug_macro   0x0001ee70       0x3c ./Core/Src/main.o
 .debug_macro   0x0001eeac       0x20 ./Core/Src/main.o
 .debug_macro   0x0001eecc      0x19b ./Core/Src/main.o
 .debug_macro   0x0001f067      0x201 ./Core/Src/main.o
 .debug_macro   0x0001f268       0xc8 ./Core/Src/main.o
 .debug_macro   0x0001f330      0x1e7 ./Core/Src/stm32f4xx_hal_msp.o
 .debug_macro   0x0001f517      0x1f1 ./Core/Src/stm32f4xx_it.o
 .debug_macro   0x0001f708      0x1dd ./Core/Src/system_stm32f4xx.o
 .debug_macro   0x0001f8e5      0x23d ./Drivers/STM32F4xx_HAL_Driver/Src/stm32f4xx_hal.o
 .debug_macro   0x0001fb22      0x1dd ./Drivers/STM32F4xx_HAL_Driver/Src/stm32f4xx_hal_cortex.o
 .debug_macro   0x0001fcff      0x1de ./Drivers/STM32F4xx_HAL_Driver/Src/stm32f4xx_hal_dac.o
 .debug_macro   0x0001fedd      0x1e3 ./Drivers/STM32F4xx_HAL_Driver/Src/stm32f4xx_hal_dma.o
 .debug_macro   0x000200c0      0x1e3 ./Drivers/STM32F4xx_HAL_Driver/Src/stm32f4xx_hal_gpio.o
 .debug_macro   0x000202a3      0x1e5 ./Drivers/STM32F4xx_HAL_Driver/Src/stm32f4xx_hal_i2s.o
 .debug_macro   0x00020488      0x1dd ./Drivers/STM32F4xx_HAL_Driver/Src/stm32f4xx_hal_i2s_ex.o
 .debug_macro   0x00020665      0x201 ./Drivers/STM32F4xx_HAL_Driver/Src/stm32f4xx_hal_rcc.o
 .debug_macro   0x00020866      0x1dd ./Drivers/STM32F4xx_HAL_Driver/Src/stm32f4xx_hal_rcc_ex.o

.debug_line     0x00000000     0xa321
 .debug_line    0x00000000      0xc1c ./Core/Src/main.o
 .debug_line    0x00000c1c      0x8b3 ./Core/Src/stm32f4xx_hal_msp.o
 .debug_line    0x000014cf      0x856 ./Core/Src/stm32f4xx_it.o
 .debug_line    0x00001d25      0x7d5 ./Core/Src/system_stm32f4xx.o
 .debug_line    0x000024fa       0x7a ./Core/Startup/startup_stm32f407vgtx.o
 .debug_line    0x00002574      0xa51 ./Drivers/STM32F4xx_HAL_Driver/Src/stm32f4xx_hal.o
 .debug_line    0x00002fc5      0xd21 ./Drivers/STM32F4xx_HAL_Driver/Src/stm32f4xx_hal_cortex.o
 .debug_line    0x00003ce6      0xb63 ./Drivers/STM32F4xx_HAL_Driver/Src/stm32f4xx_hal_dac.o
 .debug_line    0x00004849      0xfbd ./Drivers/STM32F4xx_HAL_Driver/Src/stm32f4xx_hal_dma.o
 .debug_line    0x00005806      0xba9 ./Drivers/STM32F4xx_HAL_Driver/Src/stm32f4xx_hal_gpio.o
 .debug_line    0x000063af     0x13a9 ./Drivers/STM32F4xx_HAL_Driver/Src/stm32f4xx_hal_i2s.o
 .debug_line    0x00007758     0x12a9 ./Drivers/STM32F4xx_HAL_Driver/Src/stm32f4xx_hal_i2s_ex.o
 .debug_line    0x00008a01      0xe60 ./Drivers/STM32F4xx_HAL_Driver/Src/stm32f4xx_hal_rcc.o
 .debug_line    0x00009861      0xac0 ./Drivers/STM32F4xx_HAL_Driver/Src/stm32f4xx_hal_rcc_ex.o

.debug_str      0x00000000    0xc4641
 .debug_str     0x00000000    0xc4641 ./Core/Src/main.o
                              0xc2f0b (size before relaxing)
 .debug_str     0x000c4641    0xbe29c ./Core/Src/stm32f4xx_hal_msp.o
 .debug_str     0x000c4641    0xbddaa ./Core/Src/stm32f4xx_it.o
 .debug_str     0x000c4641    0xbdbf1 ./Core/Src/system_stm32f4xx.o
 .debug_str     0x000c4641       0xa0 ./Core/Startup/startup_stm32f407vgtx.o
 .debug_str     0x000c4641    0xbe775 ./Drivers/STM32F4xx_HAL_Driver/Src/stm32f4xx_hal.o
 .debug_str     0x000c4641    0xbe4f1 ./Drivers/STM32F4xx_HAL_Driver/Src/stm32f4xx_hal_cortex.o
 .debug_str     0x000c4641    0xbe073 ./Drivers/STM32F4xx_HAL_Driver/Src/stm32f4xx_hal_dac.o
 .debug_str     0x000c4641    0xbe00b ./Drivers/STM32F4xx_HAL_Driver/Src/stm32f4xx_hal_dma.o
 .debug_str     0x000c4641    0xbdd6c ./Drivers/STM32F4xx_HAL_Driver/Src/stm32f4xx_hal_gpio.o
 .debug_str     0x000c4641    0xbe1e2 ./Drivers/STM32F4xx_HAL_Driver/Src/stm32f4xx_hal_i2s.o
 .debug_str     0x000c4641    0xbe0e4 ./Drivers/STM32F4xx_HAL_Driver/Src/stm32f4xx_hal_i2s_ex.o
 .debug_str     0x000c4641    0xbe025 ./Drivers/STM32F4xx_HAL_Driver/Src/stm32f4xx_hal_rcc.o
 .debug_str     0x000c4641    0xbdd43 ./Drivers/STM32F4xx_HAL_Driver/Src/stm32f4xx_hal_rcc_ex.o

.comment        0x00000000       0x43
 .comment       0x00000000       0x43 ./Core/Src/main.o
                                 0x44 (size before relaxing)
 .comment       0x00000043       0x44 ./Core/Src/stm32f4xx_hal_msp.o
 .comment       0x00000043       0x44 ./Core/Src/stm32f4xx_it.o
 .comment       0x00000043       0x44 ./Core/Src/system_stm32f4xx.o
 .comment       0x00000043       0x44 ./Drivers/STM32F4xx_HAL_Driver/Src/stm32f4xx_hal.o
 .comment       0x00000043       0x44 ./Drivers/STM32F4xx_HAL_Driver/Src/stm32f4xx_hal_cortex.o
 .comment       0x00000043       0x44 ./Drivers/STM32F4xx_HAL_Driver/Src/stm32f4xx_hal_dac.o
 .comment       0x00000043       0x44 ./Drivers/STM32F4xx_HAL_Driver/Src/stm32f4xx_hal_dma.o
 .comment       0x00000043       0x44 ./Drivers/STM32F4xx_HAL_Driver/Src/stm32f4xx_hal_gpio.o
 .comment       0x00000043       0x44 ./Drivers/STM32F4xx_HAL_Driver/Src/stm32f4xx_hal_i2s.o
 .comment       0x00000043       0x44 ./Drivers/STM32F4xx_HAL_Driver/Src/stm32f4xx_hal_i2s_ex.o
 .comment       0x00000043       0x44 ./Drivers/STM32F4xx_HAL_Driver/Src/stm32f4xx_hal_rcc.o
 .comment       0x00000043       0x44 ./Drivers/STM32F4xx_HAL_Driver/Src/stm32f4xx_hal_rcc_ex.o

.debug_frame    0x00000000     0x1d5c
 .debug_frame   0x00000000      0x164 ./Core/Src/main.o
 .debug_frame   0x00000164       0xc4 ./Core/Src/stm32f4xx_hal_msp.o
 .debug_frame   0x00000228      0x158 ./Core/Src/stm32f4xx_it.o
 .debug_frame   0x00000380       0x58 ./Core/Src/system_stm32f4xx.o
 .debug_frame   0x000003d8      0x374 ./Drivers/STM32F4xx_HAL_Driver/Src/stm32f4xx_hal.o
 .debug_frame   0x0000074c      0x508 ./Drivers/STM32F4xx_HAL_Driver/Src/stm32f4xx_hal_cortex.o
 .debug_frame   0x00000c54      0x338 ./Drivers/STM32F4xx_HAL_Driver/Src/stm32f4xx_hal_dac.o
 .debug_frame   0x00000f8c      0x250 ./Drivers/STM32F4xx_HAL_Driver/Src/stm32f4xx_hal_dma.o
 .debug_frame   0x000011dc      0x14c ./Drivers/STM32F4xx_HAL_Driver/Src/stm32f4xx_hal_gpio.o
 .debug_frame   0x00001328      0x484 ./Drivers/STM32F4xx_HAL_Driver/Src/stm32f4xx_hal_i2s.o
 .debug_frame   0x000017ac      0x220 ./Drivers/STM32F4xx_HAL_Driver/Src/stm32f4xx_hal_i2s_ex.o
 .debug_frame   0x000019cc      0x1f4 ./Drivers/STM32F4xx_HAL_Driver/Src/stm32f4xx_hal_rcc.o
 .debug_frame   0x00001bc0       0xf0 ./Drivers/STM32F4xx_HAL_Driver/Src/stm32f4xx_hal_rcc_ex.o
 .debug_frame   0x00001cb0       0x20 C:/ST/STM32CubeIDE_1.19.0/STM32CubeIDE/plugins/com.st.stm32cube.ide.mcu.externaltools.gnu-tools-for-stm32.13.3.rel1.win32_1.0.0.202411081344/tools/bin/../lib/gcc/arm-none-eabi/13.3.1/../../../../arm-none-eabi/lib/thumb/v7e-m+fp/hard\libc_nano.a(libc_a-memset.o)
 .debug_frame   0x00001cd0       0x2c C:/ST/STM32CubeIDE_1.19.0/STM32CubeIDE/plugins/com.st.stm32cube.ide.mcu.externaltools.gnu-tools-for-stm32.13.3.rel1.win32_1.0.0.202411081344/tools/bin/../lib/gcc/arm-none-eabi/13.3.1/../../../../arm-none-eabi/lib/thumb/v7e-m+fp/hard\libc_nano.a(libc_a-init.o)
 .debug_frame   0x00001cfc       0x2c C:/ST/STM32CubeIDE_1.19.0/STM32CubeIDE/plugins/com.st.stm32cube.ide.mcu.externaltools.gnu-tools-for-stm32.13.3.rel1.win32_1.0.0.202411081344/tools/bin/../lib/gcc/arm-none-eabi/13.3.1/thumb/v7e-m+fp/hard\libgcc.a(_aeabi_uldivmod.o)
 .debug_frame   0x00001d28       0x34 C:/ST/STM32CubeIDE_1.19.0/STM32CubeIDE/plugins/com.st.stm32cube.ide.mcu.externaltools.gnu-tools-for-stm32.13.3.rel1.win32_1.0.0.202411081344/tools/bin/../lib/gcc/arm-none-eabi/13.3.1/thumb/v7e-m+fp/hard\libgcc.a(_udivmoddi4.o)

.debug_line_str
                0x00000000       0x84
 .debug_line_str
                0x00000000       0x84 ./Core/Startup/startup_stm32f407vgtx.o
