../Core/Src/main.c:78:5:main	8	static
../Core/Src/main.c:140:6:SystemClock_Config	88	static
../Core/Src/main.c:186:13:MX_DAC_Init	16	static
../Core/Src/main.c:226:13:MX_I2S2_Init	8	static
../Core/Src/main.c:258:13:MX_DMA_Init	16	static
../Core/Src/main.c:282:13:MX_GPIO_Init	24	static
../Core/Src/main.c:300:5:Calc_IIR_Left	24	static
../Core/Src/main.c:316:5:Calc_IIR_Right	24	static
../Core/Src/main.c:331:6:HAL_I2SEx_TxRxHalfCpltCallback	24	static
../Core/Src/main.c:356:6:HAL_I2SEx_TxRxCpltCallback	24	static
../Core/Src/main.c:387:6:Error_Handler	4	static,ignoring_inline_asm
